Archive member included to satisfy reference by file (symbol)

c:/program files (x86)/gnu arm embedded toolchain/10 2021.10/bin/../lib/gcc/arm-none-eabi/10.3.1/../../../../arm-none-eabi/lib/thumb/v7-m/nofp\libc_nano.a(lib_a-exit.o)
                              c:/program files (x86)/gnu arm embedded toolchain/10 2021.10/bin/../lib/gcc/arm-none-eabi/10.3.1/../../../../arm-none-eabi/lib/thumb/v7-m/nofp/crt0.o (exit)
c:/program files (x86)/gnu arm embedded toolchain/10 2021.10/bin/../lib/gcc/arm-none-eabi/10.3.1/../../../../arm-none-eabi/lib/thumb/v7-m/nofp\libc_nano.a(lib_a-impure.o)
                              c:/program files (x86)/gnu arm embedded toolchain/10 2021.10/bin/../lib/gcc/arm-none-eabi/10.3.1/../../../../arm-none-eabi/lib/thumb/v7-m/nofp\libc_nano.a(lib_a-exit.o) (_global_impure_ptr)
c:/program files (x86)/gnu arm embedded toolchain/10 2021.10/bin/../lib/gcc/arm-none-eabi/10.3.1/../../../../arm-none-eabi/lib/thumb/v7-m/nofp\libc_nano.a(lib_a-init.o)
                              c:/program files (x86)/gnu arm embedded toolchain/10 2021.10/bin/../lib/gcc/arm-none-eabi/10.3.1/../../../../arm-none-eabi/lib/thumb/v7-m/nofp/crt0.o (__libc_init_array)
c:/program files (x86)/gnu arm embedded toolchain/10 2021.10/bin/../lib/gcc/arm-none-eabi/10.3.1/../../../../arm-none-eabi/lib/thumb/v7-m/nofp\libc_nano.a(lib_a-memset.o)
                              c:/program files (x86)/gnu arm embedded toolchain/10 2021.10/bin/../lib/gcc/arm-none-eabi/10.3.1/../../../../arm-none-eabi/lib/thumb/v7-m/nofp/crt0.o (memset)
c:/program files (x86)/gnu arm embedded toolchain/10 2021.10/bin/../lib/gcc/arm-none-eabi/10.3.1/../../../../arm-none-eabi/lib/thumb/v7-m/nofp\libnosys.a(_exit.o)
                              c:/program files (x86)/gnu arm embedded toolchain/10 2021.10/bin/../lib/gcc/arm-none-eabi/10.3.1/../../../../arm-none-eabi/lib/thumb/v7-m/nofp\libc_nano.a(lib_a-exit.o) (_exit)

Discarded input sections

 .text          0x00000000        0x0 c:/program files (x86)/gnu arm embedded toolchain/10 2021.10/bin/../lib/gcc/arm-none-eabi/10.3.1/thumb/v7-m/nofp/crti.o
 .data          0x00000000        0x0 c:/program files (x86)/gnu arm embedded toolchain/10 2021.10/bin/../lib/gcc/arm-none-eabi/10.3.1/thumb/v7-m/nofp/crti.o
 .bss           0x00000000        0x0 c:/program files (x86)/gnu arm embedded toolchain/10 2021.10/bin/../lib/gcc/arm-none-eabi/10.3.1/thumb/v7-m/nofp/crti.o
 .data          0x00000000        0x4 c:/program files (x86)/gnu arm embedded toolchain/10 2021.10/bin/../lib/gcc/arm-none-eabi/10.3.1/thumb/v7-m/nofp/crtbegin.o
 .rodata        0x00000000       0x24 c:/program files (x86)/gnu arm embedded toolchain/10 2021.10/bin/../lib/gcc/arm-none-eabi/10.3.1/thumb/v7-m/nofp/crtbegin.o
 .text          0x00000000       0x7c c:/program files (x86)/gnu arm embedded toolchain/10 2021.10/bin/../lib/gcc/arm-none-eabi/10.3.1/../../../../arm-none-eabi/lib/thumb/v7-m/nofp/crt0.o
 .data          0x00000000        0x0 c:/program files (x86)/gnu arm embedded toolchain/10 2021.10/bin/../lib/gcc/arm-none-eabi/10.3.1/../../../../arm-none-eabi/lib/thumb/v7-m/nofp/crt0.o
 .bss           0x00000000        0x0 c:/program files (x86)/gnu arm embedded toolchain/10 2021.10/bin/../lib/gcc/arm-none-eabi/10.3.1/../../../../arm-none-eabi/lib/thumb/v7-m/nofp/crt0.o
 .ARM.extab     0x00000000        0x0 c:/program files (x86)/gnu arm embedded toolchain/10 2021.10/bin/../lib/gcc/arm-none-eabi/10.3.1/../../../../arm-none-eabi/lib/thumb/v7-m/nofp/crt0.o
 .ARM.exidx     0x00000000       0x10 c:/program files (x86)/gnu arm embedded toolchain/10 2021.10/bin/../lib/gcc/arm-none-eabi/10.3.1/../../../../arm-none-eabi/lib/thumb/v7-m/nofp/crt0.o
 .ARM.attributes
                0x00000000       0x1b c:/program files (x86)/gnu arm embedded toolchain/10 2021.10/bin/../lib/gcc/arm-none-eabi/10.3.1/../../../../arm-none-eabi/lib/thumb/v7-m/nofp/crt0.o
 .text          0x00000000        0x0 build/main.o
 .data          0x00000000        0x0 build/main.o
 .bss           0x00000000        0x0 build/main.o
 .text          0x00000000        0x0 build/stm32f1xx_it.o
 .data          0x00000000        0x0 build/stm32f1xx_it.o
 .bss           0x00000000        0x0 build/stm32f1xx_it.o
 .text          0x00000000        0x0 build/stm32f1xx_hal_msp.o
 .data          0x00000000        0x0 build/stm32f1xx_hal_msp.o
 .bss           0x00000000        0x0 build/stm32f1xx_hal_msp.o
 .text          0x00000000        0x0 build/midi_router.o
 .data          0x00000000        0x0 build/midi_router.o
 .bss           0x00000000        0x0 build/midi_router.o
 .text.MIDI_HasUSBData
                0x00000000       0x1c build/midi_router.o
 .text.MIDI_ProcessUARTData
                0x00000000       0x4c build/midi_router.o
 .text          0x00000000        0x0 build/usb_device.o
 .data          0x00000000        0x0 build/usb_device.o
 .bss           0x00000000        0x0 build/usb_device.o
 .text          0x00000000        0x0 build/usbd_desc.o
[...]
Memory Configuration

Name             Origin             Length             Attributes
RAM              0x20000000         0x00005000         xrw
FLASH            0x08000000         0x00010000         xr
*default*        0x00000000         0xffffffff

Linker script and memory map

LOAD c:/program files (x86)/gnu arm embedded toolchain/10 2021.10/bin/../lib/gcc/arm-none-eabi/10.3.1/thumb/v7-m/nofp/crti.o
LOAD c:/program files (x86)/gnu arm embedded toolchain/10 2021.10/bin/../lib/gcc/arm-none-eabi/10.3.1/thumb/v7-m/nofp/crtbegin.o
LOAD c:/program files (x86)/gnu arm embedded toolchain/10 2021.10/bin/../lib/gcc/arm-none-eabi/10.3.1/../../../../arm-none-eabi/lib/thumb/v7-m/nofp/crt0.o
LOAD build/main.o
LOAD build/stm32f1xx_it.o
LOAD build/stm32f1xx_hal_msp.o
LOAD build/midi_router.o
LOAD build/usb_device.o
LOAD build/usbd_desc.o
LOAD build/usbd_conf.o
LOAD build/stm32f1xx_hal_gpio_ex.o
LOAD build/stm32f1xx_hal_pcd.o
LOAD build/stm32f1xx_hal_pcd_ex.o
LOAD build/stm32f1xx_ll_usb.o
LOAD build/stm32f1xx_hal.o
LOAD build/stm32f1xx_hal_rcc.o
LOAD build/stm32f1xx_hal_rcc_ex.o
LOAD build/stm32f1xx_hal_gpio.o
LOAD build/stm32f1xx_hal_dma.o
LOAD build/stm32f1xx_hal_cortex.o
LOAD build/stm32f1xx_hal_pwr.o
LOAD build/stm32f1xx_hal_flash.o
LOAD build/stm32f1xx_hal_flash_ex.o
LOAD build/stm32f1xx_hal_exti.o
LOAD build/stm32f1xx_hal_tim.o
LOAD build/stm32f1xx_hal_tim_ex.o
LOAD build/system_stm32f1xx.o
LOAD build/usbd_core.o
LOAD build/usbd_ctlreq.o
LOAD build/usbd_midi.o
LOAD build/usbd_ioreq.o
LOAD build/usbd_hid.o
LOAD build/startup_stm32f103xb.o
LOAD c:/program files (x86)/gnu arm embedded toolchain/10 2021.10/bin/../lib/gcc/arm-none-eabi/10.3.1/../../../../arm-none-eabi/lib/thumb/v7-m/nofp\libc_nano.a
LOAD c:/program files (x86)/gnu arm embedded toolchain/10 2021.10/bin/../lib/gcc/arm-none-eabi/10.3.1/../../../../arm-none-eabi/lib/thumb/v7-m/nofp\libm.a
LOAD c:/program files (x86)/gnu arm embedded toolchain/10 2021.10/bin/../lib/gcc/arm-none-eabi/10.3.1/../../../../arm-none-eabi/lib/thumb/v7-m/nofp\libnosys.a
START GROUP
LOAD c:/program files (x86)/gnu arm embedded toolchain/10 2021.10/bin/../lib/gcc/arm-none-eabi/10.3.1/thumb/v7-m/nofp\libgcc.a
LOAD c:/program files (x86)/gnu arm embedded toolchain/10 2021.10/bin/../lib/gcc/arm-none-eabi/10.3.1/../../../../arm-none-eabi/lib/thumb/v7-m/nofp\libc_nano.a
END GROUP
START GROUP
LOAD c:/program files (x86)/gnu arm embedded toolchain/10 2021.10/bin/../lib/gcc/arm-none-eabi/10.3.1/thumb/v7-m/nofp\libgcc.a
LOAD c:/program files (x86)/gnu arm embedded toolchain/10 2021.10/bin/../lib/gcc/arm-none-eabi/10.3.1/../../../../arm-none-eabi/lib/thumb/v7-m/nofp\libc_nano.a
END GROUP
LOAD c:/program files (x86)/gnu arm embedded toolchain/10 2021.10/bin/../lib/gcc/arm-none-eabi/10.3.1/thumb/v7-m/nofp/crtend.o
LOAD c:/program files (x86)/gnu arm embedded toolchain/10 2021.10/bin/../lib/gcc/arm-none-eabi/10.3.1/thumb/v7-m/nofp/crtn.o
                0x20005000                _estack = (ORIGIN (RAM) + LENGTH (RAM))
                0x00000200                _Min_Heap_Size = 0x200
                0x00000400                _Min_Stack_Size = 0x400

.isr_vector     0x08000000      0x10c
                0x08000000                . = ALIGN (0x4)
 *(.isr_vector)
 .isr_vector    0x08000000      0x10c build/startup_stm32f103xb.o
                0x08000000                g_pfnVectors
                0x0800010c                . = ALIGN (0x4)

.text           0x0800010c     0x3c74
                0x0800010c                . = ALIGN (0x4)
 *(.text)
 .text          0x0800010c       0x40 c:/program files (x86)/gnu arm embedded toolchain/10 2021.10/bin/../lib/gcc/arm-none-eabi/10.3.1/thumb/v7-m/nofp/crtbegin.o
 *(.text*)
 .text.MX_GPIO_Init
                0x0800014c       0x8c build/main.o
 .text.Error_Handler
                0x080001d8        0x4 build/main.o
                0x080001d8                Error_Handler
 .text.SystemClock_Config
                0x080001dc       0x86 build/main.o
                0x080001dc                SystemClock_Config
 *fill*         0x08000262        0x2 
 .text.main     0x08000264       0x68 build/main.o
                0x08000264                main
 .text.NMI_Handler
                0x080002cc        0x2 build/stm32f1xx_it.o
                0x080002cc                NMI_Handler
 .text.HardFault_Handler
                0x080002ce        0x2 build/stm32f1xx_it.o
                0x080002ce                HardFault_Handler
 .text.MemManage_Handler
                0x080002d0        0x2 build/stm32f1xx_it.o
                0x080002d0                MemManage_Handler
 .text.BusFault_Handler
                0x080002d2        0x2 build/stm32f1xx_it.o
                0x080002d2                BusFault_Handler
 .text.UsageFault_Handler
                0x080002d4        0x2 build/stm32f1xx_it.o
                0x080002d4                UsageFault_Handler
 .text.SVC_Handler
                0x080002d6        0x2 build/stm32f1xx_it.o
                0x080002d6                SVC_Handler
 .text.DebugMon_Handler
                0x080002d8        0x2 build/stm32f1xx_it.o
                0x080002d8                DebugMon_Handler
 .text.PendSV_Handler
                0x080002da        0x2 build/stm32f1xx_it.o
                0x080002da                PendSV_Handler
 .text.SysTick_Handler
                0x080002dc        0x8 build/stm32f1xx_it.o
                0x080002dc                SysTick_Handler
 .text.USB_LP_CAN1_RX0_IRQHandler
                0x080002e4       0x10 build/stm32f1xx_it.o
                0x080002e4                USB_LP_CAN1_RX0_IRQHandler
 .text.HAL_MspInit
                0x080002f4       0x30 build/stm32f1xx_hal_msp.o
                0x080002f4                HAL_MspInit
 .text.USBD_MIDI_DataInHandler
                0x08000324       0x60 build/midi_router.o
                0x08000324                USBD_MIDI_DataInHandler
 .text.MIDI_ProcessUSBData
                0x08000384       0x20 build/midi_router.o
                0x08000384                MIDI_ProcessUSBData
 .text.MIDI_addUSBReport
                0x080003a4       0x6c build/midi_router.o
                0x080003a4                MIDI_addUSBReport
 .text.MX_USB_DEVICE_Init
                0x08000410       0x40 build/usb_device.o
                0x08000410                MX_USB_DEVICE_Init
 .text.USBD_FS_DeviceDescriptor
                0x08000450        0xc build/usbd_desc.o
                0x08000450                USBD_FS_DeviceDescriptor
 .text.USBD_FS_LangIDStrDescriptor
                0x0800045c        0xc build/usbd_desc.o
                0x0800045c                USBD_FS_LangIDStrDescriptor
 .text.IntToUnicode
                0x08000468       0x46 build/usbd_desc.o
 *fill*         0x080004ae        0x2 
 .text.Get_SerialNum
                0x080004b0       0x38 build/usbd_desc.o
 .text.USBD_FS_SerialStrDescriptor
                0x080004e8       0x14 build/usbd_desc.o
                0x080004e8                USBD_FS_SerialStrDescriptor
 .text.USBD_FS_ProductStrDescriptor
                0x080004fc       0x24 build/usbd_desc.o
                0x080004fc                USBD_FS_ProductStrDescriptor
 .text.USBD_FS_ManufacturerStrDescriptor
                0x08000520       0x1c build/usbd_desc.o
                0x08000520                USBD_FS_ManufacturerStrDescriptor
 .text.USBD_FS_ConfigStrDescriptor
                0x0800053c       0x24 build/usbd_desc.o
                0x0800053c                USBD_FS_ConfigStrDescriptor
 .text.USBD_FS_InterfaceStrDescriptor
                0x08000560       0x24 build/usbd_desc.o
                0x08000560                USBD_FS_InterfaceStrDescriptor
 .text.USBD_Get_USB_Status
                0x08000584       0x14 build/usbd_conf.o
 .text.HAL_PCD_MspInit
                0x08000598       0x40 build/usbd_conf.o
                0x08000598                HAL_PCD_MspInit
 .text.HAL_PCD_SetupStageCallback
                0x080005d8       0x10 build/usbd_conf.o
                0x080005d8                HAL_PCD_SetupStageCallback
 .text.HAL_PCD_DataOutStageCallback
                0x080005e8       0x18 build/usbd_conf.o
                0x080005e8                HAL_PCD_DataOutStageCallback
 .text.HAL_PCD_DataInStageCallback
                0x08000600       0x16 build/usbd_conf.o
                0x08000600                HAL_PCD_DataInStageCallback
 .text.HAL_PCD_SOFCallback
                0x08000616        0xc build/usbd_conf.o
                0x08000616                HAL_PCD_SOFCallback
 .text.HAL_PCD_ResetCallback
                0x08000622       0x24 build/usbd_conf.o
                0x08000622                HAL_PCD_ResetCallback
 *fill*         0x08000646        0x2 
 .text.HAL_PCD_SuspendCallback
                0x08000648       0x20 build/usbd_conf.o
                0x08000648                HAL_PCD_SuspendCallback
 .text.HAL_PCD_ResumeCallback
                0x08000668        0xc build/usbd_conf.o
                0x08000668                HAL_PCD_ResumeCallback
 .text.USBD_LL_Init
                0x08000674       0x74 build/usbd_conf.o
                0x08000674                USBD_LL_Init
 .text.USBD_LL_Start
                0x080006e8       0x10 build/usbd_conf.o
                0x080006e8                USBD_LL_Start
 .text.USBD_LL_OpenEP
                0x080006f8       0x16 build/usbd_conf.o
                0x080006f8                USBD_LL_OpenEP
 .text.USBD_LL_CloseEP
                0x0800070e       0x10 build/usbd_conf.o
                0x0800070e                USBD_LL_CloseEP
 .text.USBD_LL_StallEP
                0x0800071e       0x10 build/usbd_conf.o
                0x0800071e                USBD_LL_StallEP
 .text.USBD_LL_ClearStallEP
                0x0800072e       0x10 build/usbd_conf.o
                0x0800072e                USBD_LL_ClearStallEP
 .text.USBD_LL_IsStallEP
                0x0800073e       0x2e build/usbd_conf.o
                0x0800073e                USBD_LL_IsStallEP
 .text.USBD_LL_SetUSBAddress
                0x0800076c       0x10 build/usbd_conf.o
                0x0800076c                USBD_LL_SetUSBAddress
 .text.USBD_LL_Transmit
                0x0800077c       0x10 build/usbd_conf.o
                0x0800077c                USBD_LL_Transmit
 .text.USBD_LL_PrepareReceive
                0x0800078c       0x10 build/usbd_conf.o
                0x0800078c                USBD_LL_PrepareReceive
 .text.USBD_static_malloc
                0x0800079c        0x8 build/usbd_conf.o
                0x0800079c                USBD_static_malloc
 .text.USBD_static_free
                0x080007a4        0x2 build/usbd_conf.o
                0x080007a4                USBD_static_free
 .text.HAL_PCDEx_SetConnectionState
                0x080007a6        0x2 build/usbd_conf.o
                0x080007a6                HAL_PCDEx_SetConnectionState
 .text.HAL_PCD_EP_DB_Receive
                0x080007a8      0x11c build/stm32f1xx_hal_pcd.o
 .text.HAL_PCD_Init
                0x080008c4      0x118 build/stm32f1xx_hal_pcd.o
                0x080008c4                HAL_PCD_Init
 .text.HAL_PCD_Start
                0x080009dc       0x32 build/stm32f1xx_hal_pcd.o
                0x080009dc                HAL_PCD_Start
 .text.HAL_PCD_EP_DB_Transmit
                0x08000a0e      0x420 build/stm32f1xx_hal_pcd.o
 .text.PCD_EP_ISR_Handler
                0x08000e2e      0x438 build/stm32f1xx_hal_pcd.o
 .text.HAL_PCD_SetAddress
                0x08001266       0x28 build/stm32f1xx_hal_pcd.o
                0x08001266                HAL_PCD_SetAddress
 .text.HAL_PCD_IRQHandler
                0x0800128e      0x1d4 build/stm32f1xx_hal_pcd.o
                0x0800128e                HAL_PCD_IRQHandler
 .text.HAL_PCD_EP_Open
                0x08001462       0x84 build/stm32f1xx_hal_pcd.o
                0x08001462                HAL_PCD_EP_Open
 .text.HAL_PCD_EP_Close
                0x080014e6       0x64 build/stm32f1xx_hal_pcd.o
                0x080014e6                HAL_PCD_EP_Close
 .text.HAL_PCD_EP_Receive
                0x0800154a       0x44 build/stm32f1xx_hal_pcd.o
                0x0800154a                HAL_PCD_EP_Receive
 .text.HAL_PCD_EP_Transmit
                0x0800158e       0x50 build/stm32f1xx_hal_pcd.o
                0x0800158e                HAL_PCD_EP_Transmit
 .text.HAL_PCD_EP_SetStall
                0x080015de       0x78 build/stm32f1xx_hal_pcd.o
                0x080015de                HAL_PCD_EP_SetStall
 .text.HAL_PCD_EP_ClrStall
                0x08001656       0x76 build/stm32f1xx_hal_pcd.o
                0x08001656                HAL_PCD_EP_ClrStall
 .text.HAL_PCDEx_PMAConfig
                0x080016cc       0x38 build/stm32f1xx_hal_pcd_ex.o
                0x080016cc                HAL_PCDEx_PMAConfig
 .text.USB_CoreInit
                0x08001704        0xe build/stm32f1xx_ll_usb.o
                0x08001704                USB_CoreInit
 .text.USB_EnableGlobalInt
                0x08001712       0x12 build/stm32f1xx_ll_usb.o
                0x08001712                USB_EnableGlobalInt
 .text.USB_DisableGlobalInt
                0x08001724       0x14 build/stm32f1xx_ll_usb.o
                0x08001724                USB_DisableGlobalInt
 .text.USB_SetCurrentMode
                0x08001738        0x4 build/stm32f1xx_ll_usb.o
                0x08001738                USB_SetCurrentMode
 .text.USB_DevInit
                0x0800173c       0x22 build/stm32f1xx_ll_usb.o
                0x0800173c                USB_DevInit
 .text.USB_ActivateEndpoint
                0x0800175e      0x378 build/stm32f1xx_ll_usb.o
                0x0800175e                USB_ActivateEndpoint
 .text.USB_DeactivateEndpoint
                0x08001ad6      0x1d6 build/stm32f1xx_ll_usb.o
                0x08001ad6                USB_DeactivateEndpoint
 .text.USB_EPSetStall
                0x08001cac       0x4a build/stm32f1xx_ll_usb.o
                0x08001cac                USB_EPSetStall
 .text.USB_EPClearStall
                0x08001cf6       0xa2 build/stm32f1xx_ll_usb.o
                0x08001cf6                USB_EPClearStall
 .text.USB_SetDevAddress
                0x08001d98        0xc build/stm32f1xx_ll_usb.o
                0x08001d98                USB_SetDevAddress
 .text.USB_DevConnect
                0x08001da4        0x4 build/stm32f1xx_ll_usb.o
                0x08001da4                USB_DevConnect
 .text.USB_DevDisconnect
                0x08001da8        0x4 build/stm32f1xx_ll_usb.o
                0x08001da8                USB_DevDisconnect
 .text.USB_ReadInterrupts
                0x08001dac        0x8 build/stm32f1xx_ll_usb.o
                0x08001dac                USB_ReadInterrupts
 .text.USB_EP0_OutStart
                0x08001db4        0x4 build/stm32f1xx_ll_usb.o
                0x08001db4                USB_EP0_OutStart
 .text.USB_WritePMA
                0x08001db8       0x28 build/stm32f1xx_ll_usb.o
                0x08001db8                USB_WritePMA
 .text.USB_EPStartXfer
                0x08001de0      0x8b2 build/stm32f1xx_ll_usb.o
                0x08001de0                USB_EPStartXfer
 .text.USB_ReadPMA
                0x08002692       0x30 build/stm32f1xx_ll_usb.o
                0x08002692                USB_ReadPMA
 *fill*         0x080026c2        0x2 
 .text.HAL_InitTick
                0x080026c4       0x4c build/stm32f1xx_hal.o
                0x080026c4                HAL_InitTick
 .text.HAL_Init
                0x08002710       0x24 build/stm32f1xx_hal.o
                0x08002710                HAL_Init
 .text.HAL_IncTick
                0x08002734       0x18 build/stm32f1xx_hal.o
                0x08002734                HAL_IncTick
 .text.HAL_GetTick
                0x0800274c        0xc build/stm32f1xx_hal.o
                0x0800274c                HAL_GetTick
 .text.RCC_Delay
                0x08002758       0x2c build/stm32f1xx_hal_rcc.o
 .text.HAL_RCC_OscConfig
                0x08002784      0x410 build/stm32f1xx_hal_rcc.o
                0x08002784                HAL_RCC_OscConfig
 .text.HAL_RCC_GetSysClockFreq
                0x08002b94       0x70 build/stm32f1xx_hal_rcc.o
                0x08002b94                HAL_RCC_GetSysClockFreq
 .text.HAL_RCC_ClockConfig
                0x08002c04      0x16c build/stm32f1xx_hal_rcc.o
                0x08002c04                HAL_RCC_ClockConfig
 .text.HAL_RCCEx_PeriphCLKConfig
                0x08002d70      0x118 build/stm32f1xx_hal_rcc_ex.o
                0x08002d70                HAL_RCCEx_PeriphCLKConfig
 .text.HAL_GPIO_Init
                0x08002e88      0x224 build/stm32f1xx_hal_gpio.o
                0x08002e88                HAL_GPIO_Init
 .text.HAL_GPIO_ReadPin
                0x080030ac        0xe build/stm32f1xx_hal_gpio.o
                0x080030ac                HAL_GPIO_ReadPin
 .text.HAL_GPIO_WritePin
                0x080030ba        0xc build/stm32f1xx_hal_gpio.o
                0x080030ba                HAL_GPIO_WritePin
 *fill*         0x080030c6        0x2 
 .text.HAL_NVIC_SetPriorityGrouping
                0x080030c8       0x24 build/stm32f1xx_hal_cortex.o
                0x080030c8                HAL_NVIC_SetPriorityGrouping
 .text.HAL_NVIC_SetPriority
                0x080030ec       0x70 build/stm32f1xx_hal_cortex.o
                0x080030ec                HAL_NVIC_SetPriority
 .text.HAL_NVIC_EnableIRQ
                0x0800315c       0x1c build/stm32f1xx_hal_cortex.o
                0x0800315c                HAL_NVIC_EnableIRQ
 .text.HAL_SYSTICK_Config
                0x08003178       0x28 build/stm32f1xx_hal_cortex.o
                0x08003178                HAL_SYSTICK_Config
 .text.SystemInit
                0x080031a0        0x2 build/system_stm32f1xx.o
                0x080031a0                SystemInit
 .text.USBD_Init
                0x080031a2       0x2e build/usbd_core.o
                0x080031a2                USBD_Init
 .text.USBD_RegisterClass
                0x080031d0        0xe build/usbd_core.o
                0x080031d0                USBD_RegisterClass
 .text.USBD_Start
                0x080031de        0xa build/usbd_core.o
                0x080031de                USBD_Start
 .text.USBD_SetClassConfig
                0x080031e8       0x18 build/usbd_core.o
                0x080031e8                USBD_SetClassConfig
 .text.USBD_ClrClassConfig
                0x08003200        0xe build/usbd_core.o
                0x08003200                USBD_ClrClassConfig
 .text.USBD_LL_SetupStage
                0x0800320e       0x5a build/usbd_core.o
                0x0800320e                USBD_LL_SetupStage
 .text.USBD_LL_DataOutStage
                0x08003268       0x8c build/usbd_core.o
                0x08003268                USBD_LL_DataOutStage
 .text.USBD_LL_DataInStage
                0x080032f4       0xd0 build/usbd_core.o
                0x080032f4                USBD_LL_DataInStage
 .text.USBD_LL_Reset
                0x080033c4       0x50 build/usbd_core.o
                0x080033c4                USBD_LL_Reset
 .text.USBD_LL_SetSpeed
                0x08003414        0x6 build/usbd_core.o
                0x08003414                USBD_LL_SetSpeed
 .text.USBD_LL_Suspend
                0x0800341a       0x12 build/usbd_core.o
                0x0800341a                USBD_LL_Suspend
 .text.USBD_LL_Resume
                0x0800342c       0x16 build/usbd_core.o
                0x0800342c                USBD_LL_Resume
 .text.USBD_LL_SOF
                0x08003442       0x1c build/usbd_core.o
                0x08003442                USBD_LL_SOF
 .text.USBD_GetLen
                0x0800345e       0x14 build/usbd_ctlreq.o
 .text.USBD_SetFeature
                0x08003472       0x14 build/usbd_ctlreq.o
 .text.USBD_ParseSetupRequest
                0x08003486       0x28 build/usbd_ctlreq.o
                0x08003486                USBD_ParseSetupRequest
 .text.USBD_CtlError
                0x080034ae       0x14 build/usbd_ctlreq.o
                0x080034ae                USBD_CtlError
 .text.USBD_GetDescriptor
                0x080034c2      0x186 build/usbd_ctlreq.o
 .text.USBD_SetAddress
                0x08003648       0x4e build/usbd_ctlreq.o
 *fill*         0x08003696        0x2 
 .text.USBD_SetConfig
                0x08003698       0xb0 build/usbd_ctlreq.o
 .text.USBD_GetConfig
                0x08003748       0x3e build/usbd_ctlreq.o
 .text.USBD_GetStatus
                0x08003786       0x38 build/usbd_ctlreq.o
 .text.USBD_ClrFeature
                0x080037be       0x26 build/usbd_ctlreq.o
 .text.USBD_StdDevReq
                0x080037e4       0x68 build/usbd_ctlreq.o
                0x080037e4                USBD_StdDevReq
 .text.USBD_StdItfReq
                0x0800384c       0x60 build/usbd_ctlreq.o
                0x0800384c                USBD_StdItfReq
 .text.USBD_StdEPReq
                0x080038ac      0x1e2 build/usbd_ctlreq.o
                0x080038ac                USBD_StdEPReq
 .text.USBD_GetString
                0x08003a8e       0x3a build/usbd_ctlreq.o
                0x08003a8e                USBD_GetString
 .text.USBD_MIDI_GetCfgDesc
                0x08003ac8        0xc build/usbd_midi.o
 .text.USBD_MIDI_DataIn
                0x08003ad4        0xa build/usbd_midi.o
 *fill*         0x08003ade        0x2 
 .text.USBD_MIDI_GetDeviceQualifierDesc
                0x08003ae0        0xc build/usbd_midi.o
 .text.USBD_MIDI_Setup
                0x08003aec       0xa4 build/usbd_midi.o
 .text.USBD_MIDI_DeInit
                0x08003b90       0x1e build/usbd_midi.o
 *fill*         0x08003bae        0x2 
 .text.USBD_MIDI_Init
                0x08003bb0       0x44 build/usbd_midi.o
 .text.USBD_MIDI_GetState
                0x08003bf4        0x8 build/usbd_midi.o
                0x08003bf4                USBD_MIDI_GetState
 .text.USBD_MIDI_SendReport
                0x08003bfc       0x28 build/usbd_midi.o
                0x08003bfc                USBD_MIDI_SendReport
 .text.USBD_MIDI_DataOut
                0x08003c24       0x38 build/usbd_midi.o
 .text.USBD_CtlSendData
                0x08003c5c       0x1a build/usbd_ioreq.o
                0x08003c5c                USBD_CtlSendData
 .text.USBD_CtlContinueSendData
                0x08003c76       0x10 build/usbd_ioreq.o
                0x08003c76                USBD_CtlContinueSendData
 .text.USBD_CtlContinueRx
                0x08003c86       0x10 build/usbd_ioreq.o
                0x08003c86                USBD_CtlContinueRx
 .text.USBD_CtlSendStatus
                0x08003c96       0x16 build/usbd_ioreq.o
                0x08003c96                USBD_CtlSendStatus
 .text.USBD_CtlReceiveStatus
                0x08003cac       0x16 build/usbd_ioreq.o
                0x08003cac                USBD_CtlReceiveStatus
 *fill*         0x08003cc2        0x2 
 .text.Reset_Handler
                0x08003cc4       0x48 build/startup_stm32f103xb.o
                0x08003cc4                Reset_Handler
 .text.Default_Handler
                0x08003d0c        0x2 build/startup_stm32f103xb.o
                0x08003d0c                RTC_Alarm_IRQHandler
                0x08003d0c                EXTI2_IRQHandler
                0x08003d0c                TIM1_CC_IRQHandler
                0x08003d0c                PVD_IRQHandler
                0x08003d0c                EXTI3_IRQHandler
                0x08003d0c                EXTI0_IRQHandler
                0x08003d0c                I2C2_EV_IRQHandler
                0x08003d0c                ADC1_2_IRQHandler
                0x08003d0c                SPI1_IRQHandler
                0x08003d0c                TAMPER_IRQHandler
                0x08003d0c                DMA1_Channel4_IRQHandler
                0x08003d0c                USART3_IRQHandler
                0x08003d0c                RTC_IRQHandler
                0x08003d0c                DMA1_Channel7_IRQHandler
                0x08003d0c                CAN1_RX1_IRQHandler
                0x08003d0c                TIM4_IRQHandler
                0x08003d0c                I2C1_EV_IRQHandler
                0x08003d0c                DMA1_Channel6_IRQHandler
                0x08003d0c                TIM3_IRQHandler
                0x08003d0c                RCC_IRQHandler
                0x08003d0c                TIM1_TRG_COM_IRQHandler
                0x08003d0c                DMA1_Channel1_IRQHandler
                0x08003d0c                Default_Handler
                0x08003d0c                EXTI15_10_IRQHandler
                0x08003d0c                EXTI9_5_IRQHandler
                0x08003d0c                SPI2_IRQHandler
                0x08003d0c                DMA1_Channel5_IRQHandler
                0x08003d0c                EXTI4_IRQHandler
                0x08003d0c                USB_HP_CAN1_TX_IRQHandler
                0x08003d0c                DMA1_Channel3_IRQHandler
                0x08003d0c                TIM1_UP_IRQHandler
                0x08003d0c                WWDG_IRQHandler
                0x08003d0c                TIM2_IRQHandler
                0x08003d0c                TIM1_BRK_IRQHandler
                0x08003d0c                EXTI1_IRQHandler
                0x08003d0c                USART2_IRQHandler
                0x08003d0c                I2C2_ER_IRQHandler
                0x08003d0c                DMA1_Channel2_IRQHandler
                0x08003d0c                CAN1_SCE_IRQHandler
                0x08003d0c                FLASH_IRQHandler
                0x08003d0c                USART1_IRQHandler
                0x08003d0c                I2C1_ER_IRQHandler
                0x08003d0c                USBWakeUp_IRQHandler
 *fill*         0x08003d0e        0x2 
 .text.__libc_init_array
                0x08003d10       0x48 c:/program files (x86)/gnu arm embedded toolchain/10 2021.10/bin/../lib/gcc/arm-none-eabi/10.3.1/../../../../arm-none-eabi/lib/thumb/v7-m/nofp\libc_nano.a(lib_a-init.o)
                0x08003d10                __libc_init_array
 .text.memset   0x08003d58       0x10 c:/program files (x86)/gnu arm embedded toolchain/10 2021.10/bin/../lib/gcc/arm-none-eabi/10.3.1/../../../../arm-none-eabi/lib/thumb/v7-m/nofp\libc_nano.a(lib_a-memset.o)
                0x08003d58                memset
 *(.glue_7)
 .glue_7        0x08003d68        0x0 linker stubs
 *(.glue_7t)
 .glue_7t       0x08003d68        0x0 linker stubs
 *(.eh_frame)
 .eh_frame      0x08003d68        0x0 c:/program files (x86)/gnu arm embedded toolchain/10 2021.10/bin/../lib/gcc/arm-none-eabi/10.3.1/thumb/v7-m/nofp/crtbegin.o
 *(.init)
 .init          0x08003d68        0x4 c:/program files (x86)/gnu arm embedded toolchain/10 2021.10/bin/../lib/gcc/arm-none-eabi/10.3.1/thumb/v7-m/nofp/crti.o
                0x08003d68                _init
 .init          0x08003d6c        0x8 c:/program files (x86)/gnu arm embedded toolchain/10 2021.10/bin/../lib/gcc/arm-none-eabi/10.3.1/thumb/v7-m/nofp/crtn.o
 *(.fini)
 .fini          0x08003d74        0x4 c:/program files (x86)/gnu arm embedded toolchain/10 2021.10/bin/../lib/gcc/arm-none-eabi/10.3.1/thumb/v7-m/nofp/crti.o
                0x08003d74                _fini
 .fini          0x08003d78        0x8 c:/program files (x86)/gnu arm embedded toolchain/10 2021.10/bin/../lib/gcc/arm-none-eabi/10.3.1/thumb/v7-m/nofp/crtn.o
                0x08003d80                . = ALIGN (0x4)
                0x08003d80                _etext = .

.vfp11_veneer   0x08003d80        0x0
 .vfp11_veneer  0x08003d80        0x0 linker stubs

.v4_bx          0x08003d80        0x0
 .v4_bx         0x08003d80        0x0 linker stubs

.iplt           0x08003d80        0x0
 .iplt          0x08003d80        0x0 c:/program files (x86)/gnu arm embedded toolchain/10 2021.10/bin/../lib/gcc/arm-none-eabi/10.3.1/thumb/v7-m/nofp/crtbegin.o

.rodata         0x08003d80       0x6c
                0x08003d80                . = ALIGN (0x4)
 *(.rodata)
 *(.rodata*)
 .rodata.USBD_FS_ProductStrDescriptor.str1.4
                0x08003d80       0x16 build/usbd_desc.o
 *fill*         0x08003d96        0x2 
 .rodata.USBD_FS_ManufacturerStrDescriptor.str1.4
                0x08003d98       0x13 build/usbd_desc.o
 *fill*         0x08003dab        0x1 
 .rodata.USBD_FS_ConfigStrDescriptor.str1.4
                0x08003dac        0xb build/usbd_desc.o
 *fill*         0x08003db7        0x1 
 .rodata.USBD_FS_InterfaceStrDescriptor.str1.4
                0x08003db8        0xe build/usbd_desc.o
 *fill*         0x08003dc6        0x2 
 .rodata.HAL_RCC_GetSysClockFreq.str1.4
                0x08003dc8       0x11 build/stm32f1xx_hal_rcc.o
 *fill*         0x08003dd9        0x3 
 .rodata.AHBPrescTable
                0x08003ddc       0x10 build/system_stm32f1xx.o
                0x08003ddc                AHBPrescTable
                0x08003dec                . = ALIGN (0x4)

.rel.dyn        0x08003dec        0x0
 .rel.iplt      0x08003dec        0x0 c:/program files (x86)/gnu arm embedded toolchain/10 2021.10/bin/../lib/gcc/arm-none-eabi/10.3.1/thumb/v7-m/nofp/crtbegin.o

.ARM.extab
 *(.ARM.extab* .gnu.linkonce.armextab.*)

.ARM            0x08003dec        0x0
                0x08003dec                __exidx_start = .
 *(.ARM.exidx*)
                0x08003dec                __exidx_end = .

.preinit_array  0x08003dec        0x0
                0x08003dec                PROVIDE (__preinit_array_start = .)
 *(.preinit_array*)
                0x08003dec                PROVIDE (__preinit_array_end = .)

.init_array     0x08003dec        0x4
                0x08003dec                PROVIDE (__init_array_start = .)
 *(SORT_BY_NAME(.init_array.*))
 *(.init_array*)
 .init_array    0x08003dec        0x4 c:/program files (x86)/gnu arm embedded toolchain/10 2021.10/bin/../lib/gcc/arm-none-eabi/10.3.1/thumb/v7-m/nofp/crtbegin.o
                0x08003df0                PROVIDE (__init_array_end = .)

.fini_array     0x08003df0        0x4
                [!provide]                PROVIDE (__fini_array_start = .)
 *(SORT_BY_NAME(.fini_array.*))
 *(.fini_array*)
 .fini_array    0x08003df0        0x4 c:/program files (x86)/gnu arm embedded toolchain/10 2021.10/bin/../lib/gcc/arm-none-eabi/10.3.1/thumb/v7-m/nofp/crtbegin.o
                [!provide]                PROVIDE (__fini_array_end = .)
                0x08003df4                _sidata = LOADADDR (.data)

.data           0x20000000      0x110 load address 0x08003df4
                0x20000000                . = ALIGN (0x4)
                0x20000000                _sdata = .
 *(.data)
 *(.data*)
 .data.FS_Desc  0x20000000       0x1c build/usbd_desc.o
                0x20000000                FS_Desc
 .data.USBD_FS_DeviceDesc
                0x2000001c       0x12 build/usbd_desc.o
                0x2000001c                USBD_FS_DeviceDesc
 *fill*         0x2000002e        0x2 
 .data.USBD_LangIDDesc
                0x20000030        0x4 build/usbd_desc.o
                0x20000030                USBD_LangIDDesc
 .data.USBD_StringSerial
                0x20000034       0x1a build/usbd_desc.o
                0x20000034                USBD_StringSerial
 .data.uwTickFreq
                0x2000004e        0x1 build/stm32f1xx_hal.o
                0x2000004e                uwTickFreq
 *fill*         0x2000004f        0x1 
 .data.uwTickPrio
                0x20000050        0x4 build/stm32f1xx_hal.o
                0x20000050                uwTickPrio
 .data.SystemCoreClock
                0x20000054        0x4 build/system_stm32f1xx.o
                0x20000054                SystemCoreClock
 .data.USBD_MIDI
                0x20000058       0x38 build/usbd_midi.o
                0x20000058                USBD_MIDI
 .data.USBD_MIDI_CfgDesc
                0x20000090       0x73 build/usbd_midi.o
 *fill*         0x20000103        0x1 
 .data.USBD_MIDI_DeviceQualifierDesc
                0x20000104        0xa build/usbd_midi.o
                0x20000110                . = ALIGN (0x4)
 *fill*         0x2000010e        0x2 
                0x20000110                _edata = .

.igot.plt       0x20000110        0x0 load address 0x08003f04
 .igot.plt      0x20000110        0x0 c:/program files (x86)/gnu arm embedded toolchain/10 2021.10/bin/../lib/gcc/arm-none-eabi/10.3.1/thumb/v7-m/nofp/crtbegin.o
                0x20000110                . = ALIGN (0x4)

.bss            0x20000110      0x970 load address 0x08003f04
                0x20000110                _sbss = .
                0x20000110                __bss_start__ = _sbss
 *(.bss)
 .bss           0x20000110       0x1c c:/program files (x86)/gnu arm embedded toolchain/10 2021.10/bin/../lib/gcc/arm-none-eabi/10.3.1/thumb/v7-m/nofp/crtbegin.o
 *(.bss*)
 .bss.buffUsb   0x2000012c      0x100 build/midi_router.o
 .bss.buffUsbCurrIndex
                0x2000022c        0x1 build/midi_router.o
 .bss.buffUsbNextIndex
                0x2000022d        0x1 build/midi_router.o
 *fill*         0x2000022e        0x2 
 .bss.buffUsbReport
                0x20000230       0x40 build/midi_router.o
 .bss.buffUsbReportNextIndex
                0x20000270        0x1 build/midi_router.o
 *fill*         0x20000271        0x3 
 .bss.hUsbDeviceFS
                0x20000274      0x2c4 build/usb_device.o
                0x20000274                hUsbDeviceFS
 .bss.USBD_StrDesc
                0x20000538      0x200 build/usbd_desc.o
                0x20000538                USBD_StrDesc
 .bss.hpcd_USB_FS
                0x20000738      0x2ec build/usbd_conf.o
                0x20000738                hpcd_USB_FS
 .bss.mem.0     0x20000a24       0x14 build/usbd_conf.o
 .bss.uwTick    0x20000a38        0x4 build/stm32f1xx_hal.o
                0x20000a38                uwTick
 .bss.cfgidx.0  0x20000a3c        0x1 build/usbd_ctlreq.o
 *fill*         0x20000a3d        0x3 
 .bss.usb_rx_buffer
                0x20000a40       0x40 build/usbd_midi.o
 *(COMMON)
                0x20000a80                . = ALIGN (0x4)
                0x20000a80                _ebss = .
                0x20000a80                __bss_end__ = _ebss

._user_heap_stack
                0x20000a80      0x600 load address 0x08003f04
                0x20000a80                . = ALIGN (0x8)
                [!provide]                PROVIDE (end = .)
                [!provide]                PROVIDE (_end = .)
                0x20000c80                . = (. + _Min_Heap_Size)
 *fill*         0x20000a80      0x200 
                0x20001080                . = (. + _Min_Stack_Size)
 *fill*         0x20000c80      0x400 
                0x20001080                . = ALIGN (0x8)

/DISCARD/
 libc.a(*)
 libm.a(*)
 libgcc.a(*)

.ARM.attributes
                0x00000000       0x29
 *(.ARM.attributes)
 .ARM.attributes
                0x00000000       0x1d c:/program files (x86)/gnu arm embedded toolchain/10 2021.10/bin/../lib/gcc/arm-none-eabi/10.3.1/thumb/v7-m/nofp/crti.o
 .ARM.attributes
                0x0000001d       0x2d c:/program files (x86)/gnu arm embedded toolchain/10 2021.10/bin/../lib/gcc/arm-none-eabi/10.3.1/thumb/v7-m/nofp/crtbegin.o
 .ARM.attributes
                0x0000004a       0x2d build/main.o
 .ARM.attributes
                0x00000077       0x2d build/stm32f1xx_it.o
 .ARM.attributes
                0x000000a4       0x2d build/stm32f1xx_hal_msp.o
 .ARM.attributes
                0x000000d1       0x2d build/midi_router.o
 .ARM.attributes
                0x000000fe       0x2d build/usb_device.o
 .ARM.attributes
                0x0000012b       0x2d build/usbd_desc.o
 .ARM.attributes
                0x00000158       0x2d build/usbd_conf.o
 .ARM.attributes
                0x00000185       0x2d build/stm32f1xx_hal_pcd.o
 .ARM.attributes
                0x000001b2       0x2d build/stm32f1xx_hal_pcd_ex.o
 .ARM.attributes
                0x000001df       0x2d build/stm32f1xx_ll_usb.o
 .ARM.attributes
                0x0000020c       0x2d build/stm32f1xx_hal.o
 .ARM.attributes
                0x00000239       0x2d build/stm32f1xx_hal_rcc.o
 .ARM.attributes
                0x00000266       0x2d build/stm32f1xx_hal_rcc_ex.o
 .ARM.attributes
                0x00000293       0x2d build/stm32f1xx_hal_gpio.o
 .ARM.attributes
                0x000002c0       0x2d build/stm32f1xx_hal_cortex.o
 .ARM.attributes
                0x000002ed       0x2d build/system_stm32f1xx.o
 .ARM.attributes
                0x0000031a       0x2d build/usbd_core.o
 .ARM.attributes
                0x00000347       0x2d build/usbd_ctlreq.o
 .ARM.attributes
                0x00000374       0x2d build/usbd_midi.o
 .ARM.attributes
                0x000003a1       0x2d build/usbd_ioreq.o
 .ARM.attributes
                0x000003ce       0x21 build/startup_stm32f103xb.o
 .ARM.attributes
                0x000003ef       0x2d c:/program files (x86)/gnu arm embedded toolchain/10 2021.10/bin/../lib/gcc/arm-none-eabi/10.3.1/../../../../arm-none-eabi/lib/thumb/v7-m/nofp\libc_nano.a(lib_a-init.o)
 .ARM.attributes
                0x0000041c       0x2d c:/program files (x86)/gnu arm embedded toolchain/10 2021.10/bin/../lib/gcc/arm-none-eabi/10.3.1/../../../../arm-none-eabi/lib/thumb/v7-m/nofp\libc_nano.a(lib_a-memset.o)
 .ARM.attributes
                0x00000449       0x1d c:/program files (x86)/gnu arm embedded toolchain/10 2021.10/bin/../lib/gcc/arm-none-eabi/10.3.1/thumb/v7-m/nofp/crtn.o
OUTPUT(build/Midi-Key-F10x.elf elf32-littlearm)
LOAD linker stubs
LOAD c:/program files (x86)/gnu arm embedded toolchain/10 2021.10/bin/../lib/gcc/arm-none-eabi/10.3.1/../../../../arm-none-eabi/lib/thumb/v7-m/nofp\libc.a
LOAD c:/program files (x86)/gnu arm embedded toolchain/10 2021.10/bin/../lib/gcc/arm-none-eabi/10.3.1/../../../../arm-none-eabi/lib/thumb/v7-m/nofp\libm.a
LOAD c:/program files (x86)/gnu arm embedded toolchain/10 2021.10/bin/../lib/gcc/arm-none-eabi/10.3.1/thumb/v7-m/nofp\libgcc.a

.debug_info     0x00000000     0xe760
 .debug_info    0x00000000      0x792 build/main.o
 .debug_info    0x00000792      0x721 build/stm32f1xx_it.o
 .debug_info    0x00000eb3      0x199 build/stm32f1xx_hal_msp.o
 .debug_info    0x0000104c      0x854 build/midi_router.o
 .debug_info    0x000018a0      0x64a build/usb_device.o
 .debug_info    0x00001eea      0x62f build/usbd_desc.o
 .debug_info    0x00002519     0x1d42 build/usbd_conf.o
 .debug_info    0x0000425b     0x1c82 build/stm32f1xx_hal_pcd.o
 .debug_info    0x00005edd      0x7c7 build/stm32f1xx_hal_pcd_ex.o
 .debug_info    0x000066a4     0x1d8c build/stm32f1xx_ll_usb.o
 .debug_info    0x00008430      0x855 build/stm32f1xx_hal.o
 .debug_info    0x00008c85      0xaec build/stm32f1xx_hal_rcc.o
 .debug_info    0x00009771      0x479 build/stm32f1xx_hal_rcc_ex.o
 .debug_info    0x00009bea      0x6d7 build/stm32f1xx_hal_gpio.o
 .debug_info    0x0000a2c1      0xe2d build/stm32f1xx_hal_cortex.o
 .debug_info    0x0000b0ee      0x26e build/system_stm32f1xx.o
 .debug_info    0x0000b35c      0xe5f build/usbd_core.o
 .debug_info    0x0000c1bb     0x1135 build/usbd_ctlreq.o
 .debug_info    0x0000d2f0      0xbcb build/usbd_midi.o
 .debug_info    0x0000debb      0x883 build/usbd_ioreq.o
 .debug_info    0x0000e73e       0x22 build/startup_stm32f103xb.o

.debug_abbrev   0x00000000     0x2a24
 .debug_abbrev  0x00000000      0x1eb build/main.o
 .debug_abbrev  0x000001eb      0x168 build/stm32f1xx_it.o
 .debug_abbrev  0x00000353       0xc1 build/stm32f1xx_hal_msp.o
 .debug_abbrev  0x00000414      0x232 build/midi_router.o
 .debug_abbrev  0x00000646      0x178 build/usb_device.o
 .debug_abbrev  0x000007be      0x21f build/usbd_desc.o
 .debug_abbrev  0x000009dd      0x2f6 build/usbd_conf.o
 .debug_abbrev  0x00000cd3      0x2ea build/stm32f1xx_hal_pcd.o
 .debug_abbrev  0x00000fbd      0x184 build/stm32f1xx_hal_pcd_ex.o
 .debug_abbrev  0x00001141      0x25b build/stm32f1xx_ll_usb.o
 .debug_abbrev  0x0000139c      0x1f7 build/stm32f1xx_hal.o
 .debug_abbrev  0x00001593      0x29a build/stm32f1xx_hal_rcc.o
 .debug_abbrev  0x0000182d      0x1d5 build/stm32f1xx_hal_rcc_ex.o
 .debug_abbrev  0x00001a02      0x222 build/stm32f1xx_hal_gpio.o
 .debug_abbrev  0x00001c24      0x359 build/stm32f1xx_hal_cortex.o
 .debug_abbrev  0x00001f7d      0x140 build/system_stm32f1xx.o
 .debug_abbrev  0x000020bd      0x27a build/usbd_core.o
 .debug_abbrev  0x00002337      0x2cd build/usbd_ctlreq.o
 .debug_abbrev  0x00002604      0x29f build/usbd_midi.o
 .debug_abbrev  0x000028a3      0x16f build/usbd_ioreq.o
 .debug_abbrev  0x00002a12       0x12 build/startup_stm32f103xb.o

.debug_loc      0x00000000     0x92a4
 .debug_loc     0x00000000       0x9e build/main.o
 .debug_loc     0x0000009e       0x40 build/stm32f1xx_it.o
 .debug_loc     0x000000de       0x2c build/stm32f1xx_hal_msp.o
 .debug_loc     0x0000010a      0x22e build/midi_router.o
 .debug_loc     0x00000338       0x20 build/usb_device.o
 .debug_loc     0x00000358      0x47b build/usbd_desc.o
 .debug_loc     0x000007d3      0xead build/usbd_conf.o
 .debug_loc     0x00001680     0x17ab build/stm32f1xx_hal_pcd.o
 .debug_loc     0x00002e2b      0x11a build/stm32f1xx_hal_pcd_ex.o
 .debug_loc     0x00002f45     0x1d1e build/stm32f1xx_ll_usb.o
 .debug_loc     0x00004c63      0x1e1 build/stm32f1xx_hal.o
 .debug_loc     0x00004e44      0x7ee build/stm32f1xx_hal_rcc.o
 .debug_loc     0x00005632      0x444 build/stm32f1xx_hal_rcc_ex.o
 .debug_loc     0x00005a76      0x551 build/stm32f1xx_hal_gpio.o
 .debug_loc     0x00005fc7      0x77f build/stm32f1xx_hal_cortex.o
 .debug_loc     0x00006746       0xff build/system_stm32f1xx.o
 .debug_loc     0x00006845      0xaf6 build/usbd_core.o
 .debug_loc     0x0000733b     0x1631 build/usbd_ctlreq.o
 .debug_loc     0x0000896c      0x5d4 build/usbd_midi.o
 .debug_loc     0x00008f40      0x364 build/usbd_ioreq.o

.debug_aranges  0x00000000      0x9d8
 .debug_aranges
                0x00000000       0x38 build/main.o
 .debug_aranges
                0x00000038       0x68 build/stm32f1xx_it.o
 .debug_aranges
                0x000000a0       0x20 build/stm32f1xx_hal_msp.o
 .debug_aranges
                0x000000c0       0x40 build/midi_router.o
 .debug_aranges
                0x00000100       0x20 build/usb_device.o
 .debug_aranges
                0x00000120       0x60 build/usbd_desc.o
 .debug_aranges
                0x00000180      0x118 build/usbd_conf.o
 .debug_aranges
                0x00000298      0x138 build/stm32f1xx_hal_pcd.o
 .debug_aranges
                0x000003d0       0x38 build/stm32f1xx_hal_pcd_ex.o
 .debug_aranges
                0x00000408       0xf0 build/stm32f1xx_ll_usb.o
 .debug_aranges
                0x000004f8       0xe0 build/stm32f1xx_hal.o
 .debug_aranges
                0x000005d8       0x90 build/stm32f1xx_hal_rcc.o
 .debug_aranges
                0x00000668       0x30 build/stm32f1xx_hal_rcc_ex.o
 .debug_aranges
                0x00000698       0x58 build/stm32f1xx_hal_gpio.o
 .debug_aranges
                0x000006f0       0x90 build/stm32f1xx_hal_cortex.o
 .debug_aranges
                0x00000780       0x28 build/system_stm32f1xx.o
 .debug_aranges
                0x000007a8       0xb8 build/usbd_core.o
 .debug_aranges
                0x00000860       0x88 build/usbd_ctlreq.o
 .debug_aranges
                0x000008e8       0x78 build/usbd_midi.o
 .debug_aranges
                0x00000960       0x50 build/usbd_ioreq.o
 .debug_aranges
                0x000009b0       0x28 build/startup_stm32f103xb.o

.debug_ranges   0x00000000      0xcc8
 .debug_ranges  0x00000000       0x28 build/main.o
 .debug_ranges  0x00000028       0x58 build/stm32f1xx_it.o
 .debug_ranges  0x00000080       0x10 build/stm32f1xx_hal_msp.o
 .debug_ranges  0x00000090       0x30 build/midi_router.o
 .debug_ranges  0x000000c0       0x10 build/usb_device.o
 .debug_ranges  0x000000d0       0x50 build/usbd_desc.o
 .debug_ranges  0x00000120      0x108 build/usbd_conf.o
 .debug_ranges  0x00000228      0x208 build/stm32f1xx_hal_pcd.o
 .debug_ranges  0x00000430       0x28 build/stm32f1xx_hal_pcd_ex.o
 .debug_ranges  0x00000458      0x3a0 build/stm32f1xx_ll_usb.o
 .debug_ranges  0x000007f8       0xd0 build/stm32f1xx_hal.o
 .debug_ranges  0x000008c8       0xa0 build/stm32f1xx_hal_rcc.o
 .debug_ranges  0x00000968       0x38 build/stm32f1xx_hal_rcc_ex.o
 .debug_ranges  0x000009a0       0x48 build/stm32f1xx_hal_gpio.o
 .debug_ranges  0x000009e8       0xe0 build/stm32f1xx_hal_cortex.o
 .debug_ranges  0x00000ac8       0x18 build/system_stm32f1xx.o
 .debug_ranges  0x00000ae0       0xa8 build/usbd_core.o
 .debug_ranges  0x00000b88       0x78 build/usbd_ctlreq.o
 .debug_ranges  0x00000c00       0x68 build/usbd_midi.o
 .debug_ranges  0x00000c68       0x40 build/usbd_ioreq.o
 .debug_ranges  0x00000ca8       0x20 build/startup_stm32f103xb.o

.debug_line     0x00000000     0x8d2e
 .debug_line    0x00000000      0x3ed build/main.o
 .debug_line    0x000003ed      0x2e2 build/stm32f1xx_it.o
 .debug_line    0x000006cf      0x16e build/stm32f1xx_hal_msp.o
 .debug_line    0x0000083d      0x351 build/midi_router.o
 .debug_line    0x00000b8e      0x274 build/usb_device.o
 .debug_line    0x00000e02      0x371 build/usbd_desc.o
 .debug_line    0x00001173      0x7ae build/usbd_conf.o
 .debug_line    0x00001921     0x18b5 build/stm32f1xx_hal_pcd.o
 .debug_line    0x000031d6      0x28b build/stm32f1xx_hal_pcd_ex.o
 .debug_line    0x00003461     0x1a94 build/stm32f1xx_ll_usb.o
 .debug_line    0x00004ef5      0x526 build/stm32f1xx_hal.o
 .debug_line    0x0000541b      0xc24 build/stm32f1xx_hal_rcc.o
 .debug_line    0x0000603f      0x496 build/stm32f1xx_hal_rcc_ex.o
 .debug_line    0x000064d5      0x5db build/stm32f1xx_hal_gpio.o
 .debug_line    0x00006ab0      0x631 build/stm32f1xx_hal_cortex.o
 .debug_line    0x000070e1      0x23e build/system_stm32f1xx.o
 .debug_line    0x0000731f      0x725 build/usbd_core.o
 .debug_line    0x00007a44      0xb0d build/usbd_ctlreq.o
 .debug_line    0x00008551      0x4cc build/usbd_midi.o
 .debug_line    0x00008a1d      0x29c build/usbd_ioreq.o
 .debug_line    0x00008cb9       0x75 build/startup_stm32f103xb.o

.debug_str      0x00000000     0x2c28
 .debug_str     0x00000000      0x4ae build/main.o
                                0x50b (size before relaxing)
 .debug_str     0x000004ae      0x427 build/stm32f1xx_it.o
                                0x5e3 (size before relaxing)
 .debug_str     0x000008d5       0x29 build/stm32f1xx_hal_msp.o
                                0x1f3 (size before relaxing)
 .debug_str     0x000008fe      0x4bb build/midi_router.o
                                0x714 (size before relaxing)
 .debug_str     0x00000db9       0x72 build/usb_device.o
                                0x5d5 (size before relaxing)
 .debug_str     0x00000e2b      0x181 build/usbd_desc.o
                                0x453 (size before relaxing)
 .debug_str     0x00000fac      0x886 build/usbd_conf.o
                               0x119e (size before relaxing)
 .debug_str     0x00001832      0x318 build/stm32f1xx_hal_pcd.o
                                0xad0 (size before relaxing)
 .debug_str     0x00001b4a      0x159 build/stm32f1xx_hal_pcd_ex.o
                                0x6ca (size before relaxing)
 .debug_str     0x00001ca3      0x13b build/stm32f1xx_ll_usb.o
                                0x6fd (size before relaxing)
 .debug_str     0x00001dde      0x2ff build/stm32f1xx_hal.o
                                0x826 (size before relaxing)
 .debug_str     0x000020dd      0x1fe build/stm32f1xx_hal_rcc.o
                                0x62d (size before relaxing)
 .debug_str     0x000022db       0x9c build/stm32f1xx_hal_rcc_ex.o
                                0x3d5 (size before relaxing)
 .debug_str     0x00002377      0x118 build/stm32f1xx_hal_gpio.o
                                0x402 (size before relaxing)
 .debug_str     0x0000248f      0x31f build/stm32f1xx_hal_cortex.o
                                0x8d5 (size before relaxing)
 .debug_str     0x000027ae       0x4f build/system_stm32f1xx.o
                                0x256 (size before relaxing)
 .debug_str     0x000027fd      0x13e build/usbd_core.o
                                0x833 (size before relaxing)
 .debug_str     0x0000293b       0xe2 build/usbd_ctlreq.o
                                0x74d (size before relaxing)
 .debug_str     0x00002a1d      0x187 build/usbd_midi.o
                                0x826 (size before relaxing)
 .debug_str     0x00002ba4       0x60 build/usbd_ioreq.o
                                0x67a (size before relaxing)
 .debug_str     0x00002c04       0x24 build/startup_stm32f103xb.o
                                 0x75 (size before relaxing)

.comment        0x00000000       0x49
 .comment       0x00000000       0x49 build/main.o
                                 0x4a (size before relaxing)
 .comment       0x00000049       0x4a build/stm32f1xx_it.o
 .comment       0x00000049       0x4a build/stm32f1xx_hal_msp.o
 .comment       0x00000049       0x4a build/midi_router.o
 .comment       0x00000049       0x4a build/usb_device.o
 .comment       0x00000049       0x4a build/usbd_desc.o
 .comment       0x00000049       0x4a build/usbd_conf.o
 .comment       0x00000049       0x4a build/stm32f1xx_hal_pcd.o
 .comment       0x00000049       0x4a build/stm32f1xx_hal_pcd_ex.o
 .comment       0x00000049       0x4a build/stm32f1xx_ll_usb.o
 .comment       0x00000049       0x4a build/stm32f1xx_hal.o
 .comment       0x00000049       0x4a build/stm32f1xx_hal_rcc.o
 .comment       0x00000049       0x4a build/stm32f1xx_hal_rcc_ex.o
 .comment       0x00000049       0x4a build/stm32f1xx_hal_gpio.o
 .comment       0x00000049       0x4a build/stm32f1xx_hal_cortex.o
 .comment       0x00000049       0x4a build/system_stm32f1xx.o
 .comment       0x00000049       0x4a build/usbd_core.o
 .comment       0x00000049       0x4a build/usbd_ctlreq.o
 .comment       0x00000049       0x4a build/usbd_midi.o
 .comment       0x00000049       0x4a build/usbd_ioreq.o

.debug_frame    0x00000000     0x1694
 .debug_frame   0x00000000       0x7c build/main.o
 .debug_frame   0x0000007c       0xc0 build/stm32f1xx_it.o
 .debug_frame   0x0000013c       0x28 build/stm32f1xx_hal_msp.o
 .debug_frame   0x00000164       0x80 build/midi_router.o
 .debug_frame   0x000001e4       0x28 build/usb_device.o
 .debug_frame   0x0000020c       0xe0 build/usbd_desc.o
 .debug_frame   0x000002ec      0x2ec build/usbd_conf.o
 .debug_frame   0x000005d8      0x344 build/stm32f1xx_hal_pcd.o
 .debug_frame   0x0000091c       0x50 build/stm32f1xx_hal_pcd_ex.o
 .debug_frame   0x0000096c      0x1fc build/stm32f1xx_ll_usb.o
 .debug_frame   0x00000b68      0x1cc build/stm32f1xx_hal.o
 .debug_frame   0x00000d34      0x190 build/stm32f1xx_hal_rcc.o
 .debug_frame   0x00000ec4       0x64 build/stm32f1xx_hal_rcc_ex.o
 .debug_frame   0x00000f28       0xe4 build/stm32f1xx_hal_gpio.o
 .debug_frame   0x0000100c      0x118 build/stm32f1xx_hal_cortex.o
 .debug_frame   0x00001124       0x30 build/system_stm32f1xx.o
 .debug_frame   0x00001154      0x1c4 build/usbd_core.o
 .debug_frame   0x00001318      0x178 build/usbd_ctlreq.o
 .debug_frame   0x00001490      0x100 build/usbd_midi.o
 .debug_frame   0x00001590       0xb8 build/usbd_ioreq.o
 .debug_frame   0x00001648       0x2c c:/program files (x86)/gnu arm embedded toolchain/10 2021.10/bin/../lib/gcc/arm-none-eabi/10.3.1/../../../../arm-none-eabi/lib/thumb/v7-m/nofp\libc_nano.a(lib_a-init.o)
 .debug_frame   0x00001674       0x20 c:/program files (x86)/gnu arm embedded toolchain/10 2021.10/bin/../lib/gcc/arm-none-eabi/10.3.1/../../../../arm-none-eabi/lib/thumb/v7-m/nofp\libc_nano.a(lib_a-memset.o)

Cross Reference Table

Symbol                                            File
ADC1_2_IRQHandler                                 build/startup_stm32f103xb.o
AHBPrescTable                                     build/system_stm32f1xx.o
                                                  build/stm32f1xx_hal_rcc.o
APBPrescTable                                     build/system_stm32f1xx.o
                                                  build/stm32f1xx_hal_rcc.o
BusFault_Handler                                  build/stm32f1xx_it.o
CAN1_RX1_IRQHandler                               build/startup_stm32f103xb.o
CAN1_SCE_IRQHandler                               build/startup_stm32f103xb.o
DMA1_Channel1_IRQHandler                          build/startup_stm32f103xb.o
DMA1_Channel2_IRQHandler                          build/startup_stm32f103xb.o
DMA1_Channel3_IRQHandler                          build/startup_stm32f103xb.o
DMA1_Channel4_IRQHandler                          build/startup_stm32f103xb.o
DMA1_Channel5_IRQHandler                          build/startup_stm32f103xb.o
DMA1_Channel6_IRQHandler                          build/startup_stm32f103xb.o
DMA1_Channel7_IRQHandler                          build/startup_stm32f103xb.o
DebugMon_Handler                                  build/stm32f1xx_it.o
Default_Handler                                   build/startup_stm32f103xb.o
EXTI0_IRQHandler                                  build/startup_stm32f103xb.o
EXTI15_10_IRQHandler                              build/startup_stm32f103xb.o
EXTI1_IRQHandler                                  build/startup_stm32f103xb.o
EXTI2_IRQHandler                                  build/startup_stm32f103xb.o
EXTI3_IRQHandler                                  build/startup_stm32f103xb.o
EXTI4_IRQHandler                                  build/startup_stm32f103xb.o
EXTI9_5_IRQHandler                                build/startup_stm32f103xb.o
Error_Handler                                     build/main.o
                                                  build/usbd_conf.o
                                                  build/usb_device.o
FLASH_IRQHandler                                  build/startup_stm32f103xb.o
FLASH_PageErase                                   build/stm32f1xx_hal_flash_ex.o
                                                  build/stm32f1xx_hal_flash.o
FLASH_WaitForLastOperation                        build/stm32f1xx_hal_flash.o
                                                  build/stm32f1xx_hal_flash_ex.o
FS_Desc                                           build/usbd_desc.o
                                                  build/usb_device.o
HAL_DBGMCU_DisableDBGSleepMode                    build/stm32f1xx_hal.o
HAL_DBGMCU_DisableDBGStandbyMode                  build/stm32f1xx_hal.o
HAL_DBGMCU_DisableDBGStopMode                     build/stm32f1xx_hal.o
HAL_DBGMCU_EnableDBGSleepMode                     build/stm32f1xx_hal.o
HAL_DBGMCU_EnableDBGStandbyMode                   build/stm32f1xx_hal.o
HAL_DBGMCU_EnableDBGStopMode                      build/stm32f1xx_hal.o
HAL_DMA_Abort                                     build/stm32f1xx_hal_dma.o
HAL_DMA_Abort_IT                                  build/stm32f1xx_hal_dma.o
HAL_DMA_DeInit                                    build/stm32f1xx_hal_dma.o
HAL_DMA_GetError                                  build/stm32f1xx_hal_dma.o
HAL_DMA_GetState                                  build/stm32f1xx_hal_dma.o
HAL_DMA_IRQHandler                                build/stm32f1xx_hal_dma.o
HAL_DMA_Init                                      build/stm32f1xx_hal_dma.o
HAL_DMA_PollForTransfer                           build/stm32f1xx_hal_dma.o
HAL_DMA_RegisterCallback                          build/stm32f1xx_hal_dma.o
HAL_DMA_Start                                     build/stm32f1xx_hal_dma.o
HAL_DMA_Start_IT                                  build/stm32f1xx_hal_dma.o
HAL_DMA_UnRegisterCallback                        build/stm32f1xx_hal_dma.o
HAL_DeInit                                        build/stm32f1xx_hal.o
HAL_Delay                                         build/stm32f1xx_hal.o
                                                  build/usbd_conf.o
HAL_EXTI_ClearConfigLine                          build/stm32f1xx_hal_exti.o
HAL_EXTI_ClearPending                             build/stm32f1xx_hal_exti.o
HAL_EXTI_GenerateSWI                              build/stm32f1xx_hal_exti.o
HAL_EXTI_GetConfigLine                            build/stm32f1xx_hal_exti.o
HAL_EXTI_GetHandle                                build/stm32f1xx_hal_exti.o
HAL_EXTI_GetPending                               build/stm32f1xx_hal_exti.o
HAL_EXTI_IRQHandler                               build/stm32f1xx_hal_exti.o
HAL_EXTI_RegisterCallback                         build/stm32f1xx_hal_exti.o
HAL_EXTI_SetConfigLine                            build/stm32f1xx_hal_exti.o
HAL_FLASHEx_Erase                                 build/stm32f1xx_hal_flash_ex.o
HAL_FLASHEx_Erase_IT                              build/stm32f1xx_hal_flash_ex.o
HAL_FLASHEx_OBErase                               build/stm32f1xx_hal_flash_ex.o
HAL_FLASHEx_OBGetConfig                           build/stm32f1xx_hal_flash_ex.o
HAL_FLASHEx_OBGetUserData                         build/stm32f1xx_hal_flash_ex.o
HAL_FLASHEx_OBProgram                             build/stm32f1xx_hal_flash_ex.o
HAL_FLASH_EndOfOperationCallback                  build/stm32f1xx_hal_flash.o
HAL_FLASH_GetError                                build/stm32f1xx_hal_flash.o
HAL_FLASH_IRQHandler                              build/stm32f1xx_hal_flash.o
HAL_FLASH_Lock                                    build/stm32f1xx_hal_flash.o
HAL_FLASH_OB_Launch                               build/stm32f1xx_hal_flash.o
HAL_FLASH_OB_Lock                                 build/stm32f1xx_hal_flash.o
HAL_FLASH_OB_Unlock                               build/stm32f1xx_hal_flash.o
HAL_FLASH_OperationErrorCallback                  build/stm32f1xx_hal_flash.o
HAL_FLASH_Program                                 build/stm32f1xx_hal_flash.o
HAL_FLASH_Program_IT                              build/stm32f1xx_hal_flash.o
HAL_FLASH_Unlock                                  build/stm32f1xx_hal_flash.o
HAL_GPIOEx_ConfigEventout                         build/stm32f1xx_hal_gpio_ex.o
HAL_GPIOEx_DisableEventout                        build/stm32f1xx_hal_gpio_ex.o
HAL_GPIOEx_EnableEventout                         build/stm32f1xx_hal_gpio_ex.o
HAL_GPIO_DeInit                                   build/stm32f1xx_hal_gpio.o
HAL_GPIO_EXTI_Callback                            build/stm32f1xx_hal_gpio.o
HAL_GPIO_EXTI_IRQHandler                          build/stm32f1xx_hal_gpio.o
HAL_GPIO_Init                                     build/stm32f1xx_hal_gpio.o
                                                  build/stm32f1xx_hal_rcc.o
                                                  build/main.o
HAL_GPIO_LockPin                                  build/stm32f1xx_hal_gpio.o
HAL_GPIO_ReadPin                                  build/stm32f1xx_hal_gpio.o
                                                  build/main.o
HAL_GPIO_TogglePin                                build/stm32f1xx_hal_gpio.o
HAL_GPIO_WritePin                                 build/stm32f1xx_hal_gpio.o
                                                  build/main.o
HAL_GetDEVID                                      build/stm32f1xx_hal.o
HAL_GetHalVersion                                 build/stm32f1xx_hal.o
HAL_GetREVID                                      build/stm32f1xx_hal.o
HAL_GetTick                                       build/stm32f1xx_hal.o
                                                  build/stm32f1xx_hal_flash.o
                                                  build/stm32f1xx_hal_dma.o
                                                  build/stm32f1xx_hal_rcc_ex.o
                                                  build/stm32f1xx_hal_rcc.o
HAL_GetTickFreq                                   build/stm32f1xx_hal.o
HAL_GetTickPrio                                   build/stm32f1xx_hal.o
HAL_GetUIDw0                                      build/stm32f1xx_hal.o
HAL_GetUIDw1                                      build/stm32f1xx_hal.o
HAL_GetUIDw2                                      build/stm32f1xx_hal.o
HAL_IncTick                                       build/stm32f1xx_hal.o
                                                  build/stm32f1xx_it.o
HAL_Init                                          build/stm32f1xx_hal.o
                                                  build/main.o
HAL_InitTick                                      build/stm32f1xx_hal.o
                                                  build/stm32f1xx_hal_rcc.o
HAL_MspDeInit                                     build/stm32f1xx_hal.o
HAL_MspInit                                       build/stm32f1xx_hal_msp.o
HAL_NVIC_ClearPendingIRQ                          build/stm32f1xx_hal_cortex.o
HAL_NVIC_DisableIRQ                               build/stm32f1xx_hal_cortex.o
                                                  build/usbd_conf.o
HAL_NVIC_EnableIRQ                                build/stm32f1xx_hal_cortex.o
                                                  build/usbd_conf.o
HAL_NVIC_GetActive                                build/stm32f1xx_hal_cortex.o
HAL_NVIC_GetPendingIRQ                            build/stm32f1xx_hal_cortex.o
HAL_NVIC_GetPriority                              build/stm32f1xx_hal_cortex.o
HAL_NVIC_GetPriorityGrouping                      build/stm32f1xx_hal_cortex.o
HAL_NVIC_SetPendingIRQ                            build/stm32f1xx_hal_cortex.o
HAL_NVIC_SetPriority                              build/stm32f1xx_hal_cortex.o
                                                  build/stm32f1xx_hal.o
                                                  build/usbd_conf.o
HAL_NVIC_SetPriorityGrouping                      build/stm32f1xx_hal_cortex.o
                                                  build/stm32f1xx_hal.o
HAL_NVIC_SystemReset                              build/stm32f1xx_hal_cortex.o
                                                  build/stm32f1xx_hal_flash.o
HAL_PCDEx_BCD_Callback                            build/stm32f1xx_hal_pcd_ex.o
HAL_PCDEx_LPM_Callback                            build/stm32f1xx_hal_pcd_ex.o
HAL_PCDEx_PMAConfig                               build/stm32f1xx_hal_pcd_ex.o
                                                  build/usbd_conf.o
HAL_PCDEx_SetConnectionState                      build/usbd_conf.o
                                                  build/stm32f1xx_hal_pcd.o
HAL_PCD_ActivateRemoteWakeup                      build/stm32f1xx_hal_pcd.o
HAL_PCD_ConnectCallback                           build/usbd_conf.o
HAL_PCD_DataInStageCallback                       build/usbd_conf.o
HAL_PCD_DataOutStageCallback                      build/usbd_conf.o
HAL_PCD_DeActivateRemoteWakeup                    build/stm32f1xx_hal_pcd.o
HAL_PCD_DeInit                                    build/stm32f1xx_hal_pcd.o
                                                  build/usbd_conf.o
HAL_PCD_DevConnect                                build/stm32f1xx_hal_pcd.o
HAL_PCD_DevDisconnect                             build/stm32f1xx_hal_pcd.o
HAL_PCD_DisconnectCallback                        build/usbd_conf.o
HAL_PCD_EP_Close                                  build/stm32f1xx_hal_pcd.o
                                                  build/usbd_conf.o
HAL_PCD_EP_ClrStall                               build/stm32f1xx_hal_pcd.o
                                                  build/usbd_conf.o
HAL_PCD_EP_Flush                                  build/stm32f1xx_hal_pcd.o
                                                  build/usbd_conf.o
HAL_PCD_EP_GetRxCount                             build/stm32f1xx_hal_pcd.o
                                                  build/usbd_conf.o
HAL_PCD_EP_Open                                   build/stm32f1xx_hal_pcd.o
                                                  build/usbd_conf.o
HAL_PCD_EP_Receive                                build/stm32f1xx_hal_pcd.o
                                                  build/usbd_conf.o
HAL_PCD_EP_SetStall                               build/stm32f1xx_hal_pcd.o
                                                  build/usbd_conf.o
HAL_PCD_EP_Transmit                               build/stm32f1xx_hal_pcd.o
                                                  build/usbd_conf.o
HAL_PCD_GetState                                  build/stm32f1xx_hal_pcd.o
HAL_PCD_IRQHandler                                build/stm32f1xx_hal_pcd.o
                                                  build/stm32f1xx_it.o
HAL_PCD_ISOINIncompleteCallback                   build/usbd_conf.o
HAL_PCD_ISOOUTIncompleteCallback                  build/usbd_conf.o
HAL_PCD_Init                                      build/stm32f1xx_hal_pcd.o
                                                  build/usbd_conf.o
HAL_PCD_MspDeInit                                 build/usbd_conf.o
HAL_PCD_MspInit                                   build/usbd_conf.o
HAL_PCD_ResetCallback                             build/usbd_conf.o
HAL_PCD_ResumeCallback                            build/usbd_conf.o
HAL_PCD_SOFCallback                               build/usbd_conf.o
HAL_PCD_SetAddress                                build/stm32f1xx_hal_pcd.o
                                                  build/usbd_conf.o
HAL_PCD_SetupStageCallback                        build/usbd_conf.o
HAL_PCD_Start                                     build/stm32f1xx_hal_pcd.o
                                                  build/usbd_conf.o
HAL_PCD_Stop                                      build/stm32f1xx_hal_pcd.o
                                                  build/usbd_conf.o
HAL_PCD_SuspendCallback                           build/usbd_conf.o
HAL_PCD_WKUP_IRQHandler                           build/stm32f1xx_hal_pcd.o
HAL_PWR_ConfigPVD                                 build/stm32f1xx_hal_pwr.o
HAL_PWR_DeInit                                    build/stm32f1xx_hal_pwr.o
HAL_PWR_DisableBkUpAccess                         build/stm32f1xx_hal_pwr.o
HAL_PWR_DisablePVD                                build/stm32f1xx_hal_pwr.o
HAL_PWR_DisableSEVOnPend                          build/stm32f1xx_hal_pwr.o
HAL_PWR_DisableSleepOnExit                        build/stm32f1xx_hal_pwr.o
HAL_PWR_DisableWakeUpPin                          build/stm32f1xx_hal_pwr.o
HAL_PWR_EnableBkUpAccess                          build/stm32f1xx_hal_pwr.o
HAL_PWR_EnablePVD                                 build/stm32f1xx_hal_pwr.o
HAL_PWR_EnableSEVOnPend                           build/stm32f1xx_hal_pwr.o
HAL_PWR_EnableSleepOnExit                         build/stm32f1xx_hal_pwr.o
HAL_PWR_EnableWakeUpPin                           build/stm32f1xx_hal_pwr.o
HAL_PWR_EnterSLEEPMode                            build/stm32f1xx_hal_pwr.o
HAL_PWR_EnterSTANDBYMode                          build/stm32f1xx_hal_pwr.o
HAL_PWR_EnterSTOPMode                             build/stm32f1xx_hal_pwr.o
HAL_PWR_PVDCallback                               build/stm32f1xx_hal_pwr.o
HAL_PWR_PVD_IRQHandler                            build/stm32f1xx_hal_pwr.o
HAL_RCCEx_GetPeriphCLKConfig                      build/stm32f1xx_hal_rcc_ex.o
HAL_RCCEx_GetPeriphCLKFreq                        build/stm32f1xx_hal_rcc_ex.o
HAL_RCCEx_PeriphCLKConfig                         build/stm32f1xx_hal_rcc_ex.o
                                                  build/main.o
HAL_RCC_CSSCallback                               build/stm32f1xx_hal_rcc.o
HAL_RCC_ClockConfig                               build/stm32f1xx_hal_rcc.o
                                                  build/main.o
HAL_RCC_DeInit                                    build/stm32f1xx_hal_rcc.o
HAL_RCC_DisableCSS                                build/stm32f1xx_hal_rcc.o
HAL_RCC_EnableCSS                                 build/stm32f1xx_hal_rcc.o
HAL_RCC_GetClockConfig                            build/stm32f1xx_hal_rcc.o
HAL_RCC_GetHCLKFreq                               build/stm32f1xx_hal_rcc.o
HAL_RCC_GetOscConfig                              build/stm32f1xx_hal_rcc.o
HAL_RCC_GetPCLK1Freq                              build/stm32f1xx_hal_rcc.o
HAL_RCC_GetPCLK2Freq                              build/stm32f1xx_hal_rcc.o
                                                  build/stm32f1xx_hal_rcc_ex.o
HAL_RCC_GetSysClockFreq                           build/stm32f1xx_hal_rcc.o
HAL_RCC_MCOConfig                                 build/stm32f1xx_hal_rcc.o
HAL_RCC_NMI_IRQHandler                            build/stm32f1xx_hal_rcc.o
HAL_RCC_OscConfig                                 build/stm32f1xx_hal_rcc.o
                                                  build/main.o
HAL_ResumeTick                                    build/stm32f1xx_hal.o
HAL_SYSTICK_CLKSourceConfig                       build/stm32f1xx_hal_cortex.o
HAL_SYSTICK_Callback                              build/stm32f1xx_hal_cortex.o
HAL_SYSTICK_Config                                build/stm32f1xx_hal_cortex.o
                                                  build/stm32f1xx_hal.o
HAL_SYSTICK_IRQHandler                            build/stm32f1xx_hal_cortex.o
HAL_SetTickFreq                                   build/stm32f1xx_hal.o
HAL_SuspendTick                                   build/stm32f1xx_hal.o
HardFault_Handler                                 build/stm32f1xx_it.o
I2C1_ER_IRQHandler                                build/startup_stm32f103xb.o
I2C1_EV_IRQHandler                                build/startup_stm32f103xb.o
I2C2_ER_IRQHandler                                build/startup_stm32f103xb.o
I2C2_EV_IRQHandler                                build/startup_stm32f103xb.o
MIDI_HasUSBData                                   build/midi_router.o
MIDI_ProcessUARTData                              build/midi_router.o
MIDI_ProcessUSBData                               build/midi_router.o
                                                  build/main.o
MIDI_addUSBReport                                 build/midi_router.o
                                                  build/main.o
MX_USB_DEVICE_Init                                build/usb_device.o
                                                  build/main.o
MemManage_Handler                                 build/stm32f1xx_it.o
NMI_Handler                                       build/stm32f1xx_it.o
PVD_IRQHandler                                    build/startup_stm32f103xb.o
PendSV_Handler                                    build/stm32f1xx_it.o
RCC_IRQHandler                                    build/startup_stm32f103xb.o
RTC_Alarm_IRQHandler                              build/startup_stm32f103xb.o
RTC_IRQHandler                                    build/startup_stm32f103xb.o
Reset_Handler                                     build/startup_stm32f103xb.o
SPI1_IRQHandler                                   build/startup_stm32f103xb.o
SPI2_IRQHandler                                   build/startup_stm32f103xb.o
SVC_Handler                                       build/stm32f1xx_it.o
SysTick_Handler                                   build/stm32f1xx_it.o
SystemClock_Config                                build/main.o
SystemCoreClock                                   build/system_stm32f1xx.o
                                                  build/stm32f1xx_hal_rcc.o
                                                  build/stm32f1xx_hal.o
SystemCoreClockUpdate                             build/system_stm32f1xx.o
SystemInit                                        build/system_stm32f1xx.o
                                                  build/startup_stm32f103xb.o
TAMPER_IRQHandler                                 build/startup_stm32f103xb.o
TIM1_BRK_IRQHandler                               build/startup_stm32f103xb.o
TIM1_CC_IRQHandler                                build/startup_stm32f103xb.o
TIM1_TRG_COM_IRQHandler                           build/startup_stm32f103xb.o
TIM1_UP_IRQHandler                                build/startup_stm32f103xb.o
TIM2_IRQHandler                                   build/startup_stm32f103xb.o
TIM3_IRQHandler                                   build/startup_stm32f103xb.o
TIM4_IRQHandler                                   build/startup_stm32f103xb.o
USART1_IRQHandler                                 build/startup_stm32f103xb.o
USART2_IRQHandler                                 build/startup_stm32f103xb.o
USART3_IRQHandler                                 build/startup_stm32f103xb.o
USBD_ClrClassConfig                               build/usbd_core.o
                                                  build/usbd_ctlreq.o
USBD_CtlContinueRx                                build/usbd_ioreq.o
                                                  build/usbd_core.o
USBD_CtlContinueSendData                          build/usbd_ioreq.o
                                                  build/usbd_core.o
USBD_CtlError                                     build/usbd_ctlreq.o
                                                  build/usbd_hid.o
                                                  build/usbd_midi.o
USBD_CtlPrepareRx                                 build/usbd_ioreq.o
USBD_CtlReceiveStatus                             build/usbd_ioreq.o
                                                  build/usbd_core.o
USBD_CtlSendData                                  build/usbd_ioreq.o
                                                  build/usbd_hid.o
                                                  build/usbd_midi.o
                                                  build/usbd_ctlreq.o
USBD_CtlSendStatus                                build/usbd_ioreq.o
                                                  build/usbd_ctlreq.o
                                                  build/usbd_core.o
USBD_DeInit                                       build/usbd_core.o
USBD_FS_ConfigStrDescriptor                       build/usbd_desc.o
USBD_FS_DeviceDesc                                build/usbd_desc.o
USBD_FS_DeviceDescriptor                          build/usbd_desc.o
USBD_FS_InterfaceStrDescriptor                    build/usbd_desc.o
USBD_FS_LangIDStrDescriptor                       build/usbd_desc.o
USBD_FS_ManufacturerStrDescriptor                 build/usbd_desc.o
USBD_FS_ProductStrDescriptor                      build/usbd_desc.o
USBD_FS_SerialStrDescriptor                       build/usbd_desc.o
USBD_GetRxCount                                   build/usbd_ioreq.o
USBD_GetString                                    build/usbd_ctlreq.o
                                                  build/usbd_desc.o
USBD_HID                                          build/usbd_hid.o
USBD_HID_GetPollingInterval                       build/usbd_hid.o
USBD_HID_SendReport                               build/usbd_hid.o
USBD_Init                                         build/usbd_core.o
                                                  build/usb_device.o
USBD_LL_ClearStallEP                              build/usbd_conf.o
                                                  build/usbd_ctlreq.o
USBD_LL_CloseEP                                   build/usbd_conf.o
                                                  build/usbd_hid.o
                                                  build/usbd_midi.o
USBD_LL_DataInStage                               build/usbd_core.o
                                                  build/usbd_conf.o
USBD_LL_DataOutStage                              build/usbd_core.o
                                                  build/usbd_conf.o
USBD_LL_DeInit                                    build/usbd_conf.o
                                                  build/usbd_core.o
USBD_LL_Delay                                     build/usbd_conf.o
USBD_LL_DevConnected                              build/usbd_core.o
                                                  build/usbd_conf.o
USBD_LL_DevDisconnected                           build/usbd_core.o
                                                  build/usbd_conf.o
USBD_LL_FlushEP                                   build/usbd_conf.o
USBD_LL_GetRxDataSize                             build/usbd_conf.o
                                                  build/usbd_ioreq.o
USBD_LL_Init                                      build/usbd_conf.o
                                                  build/usbd_core.o
USBD_LL_IsStallEP                                 build/usbd_conf.o
                                                  build/usbd_ctlreq.o
USBD_LL_IsoINIncomplete                           build/usbd_core.o
                                                  build/usbd_conf.o
USBD_LL_IsoOUTIncomplete                          build/usbd_core.o
                                                  build/usbd_conf.o
USBD_LL_OpenEP                                    build/usbd_conf.o
                                                  build/usbd_hid.o
                                                  build/usbd_midi.o
                                                  build/usbd_core.o
USBD_LL_PrepareReceive                            build/usbd_conf.o
                                                  build/usbd_ioreq.o
                                                  build/usbd_midi.o
                                                  build/usbd_core.o
USBD_LL_Reset                                     build/usbd_core.o
                                                  build/usbd_conf.o
USBD_LL_Resume                                    build/usbd_core.o
                                                  build/usbd_conf.o
USBD_LL_SOF                                       build/usbd_core.o
                                                  build/usbd_conf.o
USBD_LL_SetSpeed                                  build/usbd_core.o
                                                  build/usbd_conf.o
USBD_LL_SetUSBAddress                             build/usbd_conf.o
                                                  build/usbd_ctlreq.o
USBD_LL_SetupStage                                build/usbd_core.o
                                                  build/usbd_conf.o
USBD_LL_StallEP                                   build/usbd_conf.o
                                                  build/usbd_ctlreq.o
                                                  build/usbd_core.o
USBD_LL_Start                                     build/usbd_conf.o
                                                  build/usbd_core.o
USBD_LL_Stop                                      build/usbd_conf.o
                                                  build/usbd_core.o
USBD_LL_Suspend                                   build/usbd_core.o
                                                  build/usbd_conf.o
USBD_LL_Transmit                                  build/usbd_conf.o
                                                  build/usbd_hid.o
                                                  build/usbd_ioreq.o
                                                  build/usbd_midi.o
USBD_LangIDDesc                                   build/usbd_desc.o
USBD_MIDI                                         build/usbd_midi.o
                                                  build/usb_device.o
USBD_MIDI_DataInHandler                           build/midi_router.o
USBD_MIDI_DeviceQualifierDescriptor               build/usbd_midi.o
USBD_MIDI_GetDeviceState                          build/usbd_midi.o
USBD_MIDI_GetState                                build/usbd_midi.o
                                                  build/midi_router.o
USBD_MIDI_SendReport                              build/usbd_midi.o
                                                  build/midi_router.o
USBD_ParseSetupRequest                            build/usbd_ctlreq.o
                                                  build/usbd_core.o
USBD_RegisterClass                                build/usbd_core.o
                                                  build/usb_device.o
USBD_RunTestMode                                  build/usbd_core.o
USBD_SetClassConfig                               build/usbd_core.o
                                                  build/usbd_ctlreq.o
USBD_Start                                        build/usbd_core.o
                                                  build/usb_device.o
USBD_StdDevReq                                    build/usbd_ctlreq.o
                                                  build/usbd_core.o
USBD_StdEPReq                                     build/usbd_ctlreq.o
                                                  build/usbd_core.o
USBD_StdItfReq                                    build/usbd_ctlreq.o
                                                  build/usbd_core.o
USBD_Stop                                         build/usbd_core.o
USBD_StrDesc                                      build/usbd_desc.o
USBD_StringSerial                                 build/usbd_desc.o
USBD_static_free                                  build/usbd_conf.o
                                                  build/usbd_hid.o
                                                  build/usbd_midi.o
USBD_static_malloc                                build/usbd_conf.o
                                                  build/usbd_hid.o
                                                  build/usbd_midi.o
USBWakeUp_IRQHandler                              build/startup_stm32f103xb.o
USB_ActivateEndpoint                              build/stm32f1xx_ll_usb.o
                                                  build/stm32f1xx_hal_pcd.o
USB_ActivateRemoteWakeup                          build/stm32f1xx_ll_usb.o
                                                  build/stm32f1xx_hal_pcd.o
USB_ClearInterrupts                               build/stm32f1xx_ll_usb.o
USB_CoreInit                                      build/stm32f1xx_ll_usb.o
                                                  build/stm32f1xx_hal_pcd.o
USB_DeActivateRemoteWakeup                        build/stm32f1xx_ll_usb.o
                                                  build/stm32f1xx_hal_pcd.o
USB_DeactivateEndpoint                            build/stm32f1xx_ll_usb.o
                                                  build/stm32f1xx_hal_pcd.o
USB_DevConnect                                    build/stm32f1xx_ll_usb.o
                                                  build/stm32f1xx_hal_pcd.o
USB_DevDisconnect                                 build/stm32f1xx_ll_usb.o
                                                  build/stm32f1xx_hal_pcd.o
USB_DevInit                                       build/stm32f1xx_ll_usb.o
                                                  build/stm32f1xx_hal_pcd.o
USB_DisableGlobalInt                              build/stm32f1xx_ll_usb.o
                                                  build/stm32f1xx_hal_pcd.o
USB_EP0_OutStart                                  build/stm32f1xx_ll_usb.o
                                                  build/stm32f1xx_hal_pcd.o
USB_EPClearStall                                  build/stm32f1xx_ll_usb.o
                                                  build/stm32f1xx_hal_pcd.o
USB_EPSetStall                                    build/stm32f1xx_ll_usb.o
                                                  build/stm32f1xx_hal_pcd.o
USB_EPStartXfer                                   build/stm32f1xx_ll_usb.o
                                                  build/stm32f1xx_hal_pcd.o
USB_EnableGlobalInt                               build/stm32f1xx_ll_usb.o
                                                  build/stm32f1xx_hal_pcd.o
USB_FlushRxFifo                                   build/stm32f1xx_ll_usb.o
                                                  build/stm32f1xx_hal_pcd.o
USB_FlushTxFifo                                   build/stm32f1xx_ll_usb.o
                                                  build/stm32f1xx_hal_pcd.o
USB_HP_CAN1_TX_IRQHandler                         build/startup_stm32f103xb.o
USB_LP_CAN1_RX0_IRQHandler                        build/stm32f1xx_it.o
USB_ReadDevAllInEpInterrupt                       build/stm32f1xx_ll_usb.o
USB_ReadDevAllOutEpInterrupt                      build/stm32f1xx_ll_usb.o
USB_ReadDevInEPInterrupt                          build/stm32f1xx_ll_usb.o
USB_ReadDevOutEPInterrupt                         build/stm32f1xx_ll_usb.o
USB_ReadInterrupts                                build/stm32f1xx_ll_usb.o
                                                  build/stm32f1xx_hal_pcd.o
USB_ReadPMA                                       build/stm32f1xx_ll_usb.o
                                                  build/stm32f1xx_hal_pcd.o
USB_SetCurrentMode                                build/stm32f1xx_ll_usb.o
                                                  build/stm32f1xx_hal_pcd.o
USB_SetDevAddress                                 build/stm32f1xx_ll_usb.o
                                                  build/stm32f1xx_hal_pcd.o
USB_StopDevice                                    build/stm32f1xx_ll_usb.o
                                                  build/stm32f1xx_hal_pcd.o
USB_WritePMA                                      build/stm32f1xx_ll_usb.o
                                                  build/stm32f1xx_hal_pcd.o
UsageFault_Handler                                build/stm32f1xx_it.o
WWDG_IRQHandler                                   build/startup_stm32f103xb.o
__bss_end__                                       c:/program files (x86)/gnu arm embedded toolchain/10 2021.10/bin/../lib/gcc/arm-none-eabi/10.3.1/../../../../arm-none-eabi/lib/thumb/v7-m/nofp/crt0.o
__bss_start__                                     c:/program files (x86)/gnu arm embedded toolchain/10 2021.10/bin/../lib/gcc/arm-none-eabi/10.3.1/../../../../arm-none-eabi/lib/thumb/v7-m/nofp/crt0.o
__call_exitprocs                                  c:/program files (x86)/gnu arm embedded toolchain/10 2021.10/bin/../lib/gcc/arm-none-eabi/10.3.1/../../../../arm-none-eabi/lib/thumb/v7-m/nofp\libc_nano.a(lib_a-exit.o)
__deregister_frame_info                           c:/program files (x86)/gnu arm embedded toolchain/10 2021.10/bin/../lib/gcc/arm-none-eabi/10.3.1/thumb/v7-m/nofp/crtbegin.o
__dso_handle                                      c:/program files (x86)/gnu arm embedded toolchain/10 2021.10/bin/../lib/gcc/arm-none-eabi/10.3.1/thumb/v7-m/nofp/crtbegin.o
__init_array_end                                  c:/program files (x86)/gnu arm embedded toolchain/10 2021.10/bin/../lib/gcc/arm-none-eabi/10.3.1/../../../../arm-none-eabi/lib/thumb/v7-m/nofp\libc_nano.a(lib_a-init.o)
__init_array_start                                c:/program files (x86)/gnu arm embedded toolchain/10 2021.10/bin/../lib/gcc/arm-none-eabi/10.3.1/../../../../arm-none-eabi/lib/thumb/v7-m/nofp\libc_nano.a(lib_a-init.o)
__libc_fini_array                                 c:/program files (x86)/gnu arm embedded toolchain/10 2021.10/bin/../lib/gcc/arm-none-eabi/10.3.1/../../../../arm-none-eabi/lib/thumb/v7-m/nofp/crt0.o
__libc_init_array                                 c:/program files (x86)/gnu arm embedded toolchain/10 2021.10/bin/../lib/gcc/arm-none-eabi/10.3.1/../../../../arm-none-eabi/lib/thumb/v7-m/nofp\libc_nano.a(lib_a-init.o)
                                                  build/startup_stm32f103xb.o
                                                  c:/program files (x86)/gnu arm embedded toolchain/10 2021.10/bin/../lib/gcc/arm-none-eabi/10.3.1/../../../../arm-none-eabi/lib/thumb/v7-m/nofp/crt0.o
__preinit_array_end                               c:/program files (x86)/gnu arm embedded toolchain/10 2021.10/bin/../lib/gcc/arm-none-eabi/10.3.1/../../../../arm-none-eabi/lib/thumb/v7-m/nofp\libc_nano.a(lib_a-init.o)
__preinit_array_start                             c:/program files (x86)/gnu arm embedded toolchain/10 2021.10/bin/../lib/gcc/arm-none-eabi/10.3.1/../../../../arm-none-eabi/lib/thumb/v7-m/nofp\libc_nano.a(lib_a-init.o)
__register_frame_info                             c:/program files (x86)/gnu arm embedded toolchain/10 2021.10/bin/../lib/gcc/arm-none-eabi/10.3.1/thumb/v7-m/nofp/crtbegin.o
__sf_fake_stderr                                  c:/program files (x86)/gnu arm embedded toolchain/10 2021.10/bin/../lib/gcc/arm-none-eabi/10.3.1/../../../../arm-none-eabi/lib/thumb/v7-m/nofp\libc_nano.a(lib_a-impure.o)
__sf_fake_stdin                                   c:/program files (x86)/gnu arm embedded toolchain/10 2021.10/bin/../lib/gcc/arm-none-eabi/10.3.1/../../../../arm-none-eabi/lib/thumb/v7-m/nofp\libc_nano.a(lib_a-impure.o)
__sf_fake_stdout                                  c:/program files (x86)/gnu arm embedded toolchain/10 2021.10/bin/../lib/gcc/arm-none-eabi/10.3.1/../../../../arm-none-eabi/lib/thumb/v7-m/nofp\libc_nano.a(lib_a-impure.o)
__stack                                           c:/program files (x86)/gnu arm embedded toolchain/10 2021.10/bin/../lib/gcc/arm-none-eabi/10.3.1/../../../../arm-none-eabi/lib/thumb/v7-m/nofp/crt0.o
_ebss                                             build/startup_stm32f103xb.o
_edata                                            build/startup_stm32f103xb.o
_estack                                           build/startup_stm32f103xb.o
_exit                                             c:/program files (x86)/gnu arm embedded toolchain/10 2021.10/bin/../lib/gcc/arm-none-eabi/10.3.1/../../../../arm-none-eabi/lib/thumb/v7-m/nofp\libnosys.a(_exit.o)
                                                  c:/program files (x86)/gnu arm embedded toolchain/10 2021.10/bin/../lib/gcc/arm-none-eabi/10.3.1/../../../../arm-none-eabi/lib/thumb/v7-m/nofp\libc_nano.a(lib_a-exit.o)
_fini                                             c:/program files (x86)/gnu arm embedded toolchain/10 2021.10/bin/../lib/gcc/arm-none-eabi/10.3.1/thumb/v7-m/nofp/crti.o
_global_impure_ptr                                c:/program files (x86)/gnu arm embedded toolchain/10 2021.10/bin/../lib/gcc/arm-none-eabi/10.3.1/../../../../arm-none-eabi/lib/thumb/v7-m/nofp\libc_nano.a(lib_a-impure.o)
                                                  c:/program files (x86)/gnu arm embedded toolchain/10 2021.10/bin/../lib/gcc/arm-none-eabi/10.3.1/../../../../arm-none-eabi/lib/thumb/v7-m/nofp\libc_nano.a(lib_a-exit.o)
_impure_ptr                                       c:/program files (x86)/gnu arm embedded toolchain/10 2021.10/bin/../lib/gcc/arm-none-eabi/10.3.1/../../../../arm-none-eabi/lib/thumb/v7-m/nofp\libc_nano.a(lib_a-impure.o)
_init                                             c:/program files (x86)/gnu arm embedded toolchain/10 2021.10/bin/../lib/gcc/arm-none-eabi/10.3.1/thumb/v7-m/nofp/crti.o
                                                  c:/program files (x86)/gnu arm embedded toolchain/10 2021.10/bin/../lib/gcc/arm-none-eabi/10.3.1/../../../../arm-none-eabi/lib/thumb/v7-m/nofp\libc_nano.a(lib_a-init.o)
_mainCRTStartup                                   c:/program files (x86)/gnu arm embedded toolchain/10 2021.10/bin/../lib/gcc/arm-none-eabi/10.3.1/../../../../arm-none-eabi/lib/thumb/v7-m/nofp/crt0.o
_sbss                                             build/startup_stm32f103xb.o
_sdata                                            build/startup_stm32f103xb.o
_sidata                                           build/startup_stm32f103xb.o
_stack_init                                       c:/program files (x86)/gnu arm embedded toolchain/10 2021.10/bin/../lib/gcc/arm-none-eabi/10.3.1/../../../../arm-none-eabi/lib/thumb/v7-m/nofp/crt0.o
_start                                            c:/program files (x86)/gnu arm embedded toolchain/10 2021.10/bin/../lib/gcc/arm-none-eabi/10.3.1/../../../../arm-none-eabi/lib/thumb/v7-m/nofp/crt0.o
atexit                                            c:/program files (x86)/gnu arm embedded toolchain/10 2021.10/bin/../lib/gcc/arm-none-eabi/10.3.1/../../../../arm-none-eabi/lib/thumb/v7-m/nofp/crt0.o
exit                                              c:/program files (x86)/gnu arm embedded toolchain/10 2021.10/bin/../lib/gcc/arm-none-eabi/10.3.1/../../../../arm-none-eabi/lib/thumb/v7-m/nofp\libc_nano.a(lib_a-exit.o)
                                                  c:/program files (x86)/gnu arm embedded toolchain/10 2021.10/bin/../lib/gcc/arm-none-eabi/10.3.1/../../../../arm-none-eabi/lib/thumb/v7-m/nofp/crt0.o
g_pfnVectors                                      build/startup_stm32f103xb.o
hUsbDeviceFS                                      build/usb_device.o
                                                  build/midi_router.o
hardware_init_hook                                c:/program files (x86)/gnu arm embedded toolchain/10 2021.10/bin/../lib/gcc/arm-none-eabi/10.3.1/../../../../arm-none-eabi/lib/thumb/v7-m/nofp/crt0.o
hpcd_USB_FS                                       build/usbd_conf.o
                                                  build/stm32f1xx_it.o
main                                              build/main.o
                                                  build/startup_stm32f103xb.o
                                                  c:/program files (x86)/gnu arm embedded toolchain/10 2021.10/bin/../lib/gcc/arm-none-eabi/10.3.1/../../../../arm-none-eabi/lib/thumb/v7-m/nofp/crt0.o
memset                                            c:/program files (x86)/gnu arm embedded toolchain/10 2021.10/bin/../lib/gcc/arm-none-eabi/10.3.1/../../../../arm-none-eabi/lib/thumb/v7-m/nofp\libc_nano.a(lib_a-memset.o)
                                                  build/usbd_midi.o
                                                  build/midi_router.o
                                                  build/main.o
                                                  c:/program files (x86)/gnu arm embedded toolchain/10 2021.10/bin/../lib/gcc/arm-none-eabi/10.3.1/../../../../arm-none-eabi/lib/thumb/v7-m/nofp/crt0.o
pFlash                                            build/stm32f1xx_hal_flash.o
                                                  build/stm32f1xx_hal_flash_ex.o
software_init_hook                                c:/program files (x86)/gnu arm embedded toolchain/10 2021.10/bin/../lib/gcc/arm-none-eabi/10.3.1/../../../../arm-none-eabi/lib/thumb/v7-m/nofp/crt0.o
uwTick                                            build/stm32f1xx_hal.o
uwTickFreq                                        build/stm32f1xx_hal.o
uwTickPrio                                        build/stm32f1xx_hal.o
                                                  build/stm32f1xx_hal_rcc.o